{
    "sarscov2 - fasta  - stub": {
        "content": [
            {
                "0": [
                    [
                        {
                            "id": "test",
                            "single_end": false
                        },
                        "test.agp:md5,d41d8cd98f00b204e9800998ecf8427e"
                    ]
                ],
                "1": [
                    "versions.yml:md5,999a69e2270bed19914bb031bef66e12"
                ],
                "agp": [
                    [
                        {
                            "id": "test",
                            "single_end": false
                        },
                        "test.agp:md5,d41d8cd98f00b204e9800998ecf8427e"
                    ]
                ],
                "versions_js": [
                    "versions.yml:md5,999a69e2270bed19914bb031bef66e12"
                ]
            }
        ],
        "timestamp": "2026-07-29T08:23:14.095229",
        "meta": {
            "nf-test": "0.9.5",
            "nextflow": "26.04.6"
        }
    },
    "sarscov2 - fasta": {
        "content": [
            {
                "0": [
                    [
                        {
                            "id": "test",
                            "single_end": false
                        },
                        "test.agp:md5,bb14c5d35ad337501d6a1aa51d4688cb"
                    ]
                ],
                "1": [
                    "versions.yml:md5,999a69e2270bed19914bb031bef66e12"
                ],
                "agp": [
                    [
                        {
                            "id": "test",
                            "single_end": false
                        },
                        "test.agp:md5,bb14c5d35ad337501d6a1aa51d4688cb"
                    ]
                ],
                "versions_js": [
                    "versions.yml:md5,999a69e2270bed19914bb031bef66e12"
                ]
            }
        ],
        "timestamp": "2026-07-29T08:23:08.457837",
        "meta": {
            "nf-test": "0.9.5",
            "nextflow": "26.04.6"
        }
    }
}