{
    "sarscov2 - transcriptome fasta": {
        "content": [
            [
                [
                    "lcl|MT192765.1_cds_QIK50426.1_1",
                    "True"
                ],
                [
                    "lcl|MT192765.1_cds_QIK50427.1_2",
                    "True"
                ],
                [
                    "lcl|MT192765.1_cds_QIK50428.1_3",
                    "True"
                ],
                [
                    "lcl|MT192765.1_cds_QIK50429.1_4",
                    "True"
                ],
                [
                    "lcl|MT192765.1_cds_QIK50430.1_5",
                    "True"
                ],
                [
                    "lcl|MT192765.1_cds_QIK50431.1_6",
                    "True"
                ],
                [
                    "lcl|MT192765.1_cds_QIK50432.1_7",
                    "True"
                ],
                [
                    "lcl|MT192765.1_cds_QIK50433.1_8",
                    "False"
                ],
                [
                    "lcl|MT192765.1_cds_QIK50434.1_9",
                    "True"
                ],
                [
                    "lcl|MT192765.1_cds_QIK50435.1_10",
                    "True"
                ],
                [
                    "lcl|MT192765.1_cds_QIK50436.1_11",
                    "True"
                ]
            ],
            {
                "versions_psauron": [
                    [
                        "PSAURON",
                        "psauron",
                        "1.1.3"
                    ]
                ]
            }
        ],
        "timestamp": "2026-09-15T10:46:39.952065",
        "meta": {
            "nf-test": "0.9.5",
            "nextflow": "26.04.6"
        }
    },
    "sarscov2 - transcriptome fasta - stub": {
        "content": [
            {
                "0": [
                    [
                        {
                            "id": "test"
                        },
                        "test.csv:md5,d41d8cd98f00b204e9800998ecf8427e"
                    ]
                ],
                "1": [
                    [
                        "PSAURON",
                        "psauron",
                        "1.1.3"
                    ]
                ],
                "csv": [
                    [
                        {
                            "id": "test"
                        },
                        "test.csv:md5,d41d8cd98f00b204e9800998ecf8427e"
                    ]
                ],
                "versions_psauron": [
                    [
                        "PSAURON",
                        "psauron",
                        "1.1.3"
                    ]
                ]
            }
        ],
        "timestamp": "2026-09-15T10:46:44.239918",
        "meta": {
            "nf-test": "0.9.5",
            "nextflow": "26.04.6"
        }
    },
    "sarscov2 - proteome fasta - protein": {
        "content": [
            [
                [
                    "ENSSASP00005000002.1",
                    "True"
                ],
                [
                    "ENSSASP00005000003.1",
                    "True"
                ],
                [
                    "ENSSASP00005000004.1",
                    "True"
                ],
                [
                    "ENSSASP00005000005.1",
                    "True"
                ],
                [
                    "ENSSASP00005000006.1",
                    "True"
                ],
                [
                    "ENSSASP00005000007.1",
                    "True"
                ],
                [
                    "ENSSASP00005000008.1",
                    "True"
                ],
                [
                    "ENSSASP00005000009.1",
                    "True"
                ],
                [
                    "ENSSASP00005000010.1",
                    "True"
                ],
                [
                    "ENSSASP00005000011.1",
                    "True"
                ],
                [
                    "ENSSASP00005000012.1",
                    "False"
                ],
                [
                    "ENSSASP00005000013.1",
                    "True"
                ]
            ],
            {
                "versions_psauron": [
                    [
                        "PSAURON",
                        "psauron",
                        "1.1.3"
                    ]
                ]
            }
        ],
        "timestamp": "2026-09-15T10:46:54.301632",
        "meta": {
            "nf-test": "0.9.5",
            "nextflow": "26.04.6"
        }
    },
    "sarscov2 - proteome fasta - protein - stub": {
        "content": [
            {
                "0": [
                    [
                        {
                            "id": "test"
                        },
                        "test.csv:md5,d41d8cd98f00b204e9800998ecf8427e"
                    ]
                ],
                "1": [
                    [
                        "PSAURON",
                        "psauron",
                        "1.1.3"
                    ]
                ],
                "csv": [
                    [
                        {
                            "id": "test"
                        },
                        "test.csv:md5,d41d8cd98f00b204e9800998ecf8427e"
                    ]
                ],
                "versions_psauron": [
                    [
                        "PSAURON",
                        "psauron",
                        "1.1.3"
                    ]
                ]
            }
        ],
        "timestamp": "2026-09-15T10:46:58.573974",
        "meta": {
            "nf-test": "0.9.5",
            "nextflow": "26.04.6"
        }
    }
}