{
    "invalid": {
        "content": [
            {
                "successful tasks": 27,
                "versions": {
                    "ASSEMBLATHON_STATS": {
                        "assemblathon_stats": "github/PlantandFoodResearch/assemblathon2-analysis/a93cba2"
                    },
                    "FALINT": {
                        "falint": "1.2.0"
                    },
                    "GT_GFF3": {
                        "genometools": "1.6.5"
                    },
                    "GT_GFF3VALIDATOR": {
                        "genometools": "1.6.5"
                    },
                    "GT_STAT": {
                        "genometools": "1.6.5"
                    },
                    "GUNZIP_FASTA": {
                        "gunzip": 1.13
                    },
                    "GUNZIP_GFF3": {
                        "gunzip": 1.13
                    },
                    "SAMTOOLS_FAIDX": {
                        "samtools": 1.24
                    },
                    "SEQKIT_RMDUP": {
                        "seqkit": "2.13.0"
                    },
                    "TAG_ASSEMBLY": {
                        "coreutils": 9.4,
                        "find": "4.6.0",
                        "pigz": 2.8
                    },
                    "Workflow": {
                        "plant-food-research-open/assemblyqc": "v3.1.0"
                    }
                },
                "stable paths": [
                    "FI1_stats.csv:md5,8d1274e52117e39b413ff71a76c40331",
                    "TT_2021a_stats.csv:md5,55fa0923a6d47fdd19201486848b48fe",
                    "FI1.gt.stat.yml:md5,2fc1b9c84af0c2323d78a9ac623a3022"
                ]
            }
        ],
        "timestamp": "2026-08-04T10:03:09.168535",
        "meta": {
            "nf-test": "0.9.5",
            "nextflow": "26.04.6"
        }
    }
}