{
    "invalid": {
        "content": [
            {
                "successful tasks": 27,
                "versions": {
                    "ASSEMBLATHON_STATS": {
                        "assemblathon_stats": "github/PlantandFoodResearch/assemblathon2-analysis/a93cba2"
                    },
                    "FALINT": {
                        "fa-lint": "1.2.0"
                    },
                    "GT_GFF3": {
                        "genometools": "1.6.5"
                    },
                    "GT_GFF3VALIDATOR": {
                        "genometools": "1.6.5"
                    },
                    "GT_STAT": {
                        "genometools": "1.6.5"
                    },
                    "GUNZIP_FASTA": {
                        "gunzip": 1.13
                    },
                    "GUNZIP_GFF3": {
                        "gunzip": 1.13
                    },
                    "SAMTOOLS_FAIDX": {
                        "samtools": 1.21
                    },
                    "SEQKIT_RMDUP": {
                        "seqkit": "v2.9.0"
                    },
                    "TAG_ASSEMBLY": {
                        "pigz": "2.3.4"
                    },
                    "Workflow": {
                        "plant-food-research-open/assemblyqc": "v3.1.0dev"
                    }
                },
                "stable paths": [
                    "FI1_stats.csv:md5,8d1274e52117e39b413ff71a76c40331",
                    "TT_2021a_stats.csv:md5,55fa0923a6d47fdd19201486848b48fe",
                    "FI1.gt.stat.yml:md5,2fc1b9c84af0c2323d78a9ac623a3022"
                ]
            }
        ],
        "meta": {
            "nf-test": "0.9.2",
            "nextflow": "25.04.6"
        },
        "timestamp": "2025-07-17T22:23:47.596283316"
    }
}