{
    "hongyang - hic - fasta - fout": {
        "content": [
            {
                "0": [
                    [
                        {
                            "id": "test",
                            "single_end": false
                        },
                        "test.agp:md5,23845f43c5a8aa2ad5a1c25660831eba"
                    ]
                ],
                "1": [
                    [
                        {
                            "id": "test",
                            "single_end": false
                        },
                        "test.fasta:md5,bcc14495671d77033b36be11fc20652c"
                    ]
                ],
                "2": [
                    "versions.yml:md5,7a386c0c393a7ffdbc237e422e32bd59"
                ],
                "agp": [
                    [
                        {
                            "id": "test",
                            "single_end": false
                        },
                        "test.agp:md5,23845f43c5a8aa2ad5a1c25660831eba"
                    ]
                ],
                "fasta": [
                    [
                        {
                            "id": "test",
                            "single_end": false
                        },
                        "test.fasta:md5,bcc14495671d77033b36be11fc20652c"
                    ]
                ],
                "versions_haphic": [
                    "versions.yml:md5,7a386c0c393a7ffdbc237e422e32bd59"
                ]
            }
        ],
        "timestamp": "2026-07-28T15:49:49.15378",
        "meta": {
            "nf-test": "0.9.5",
            "nextflow": "26.04.6"
        }
    },
    "hongyang - hic - fasta": {
        "content": [
            {
                "0": [
                    [
                        {
                            "id": "test",
                            "single_end": false
                        },
                        "test.agp:md5,23845f43c5a8aa2ad5a1c25660831eba"
                    ]
                ],
                "1": [
                    
                ],
                "2": [
                    "versions.yml:md5,7a386c0c393a7ffdbc237e422e32bd59"
                ],
                "agp": [
                    [
                        {
                            "id": "test",
                            "single_end": false
                        },
                        "test.agp:md5,23845f43c5a8aa2ad5a1c25660831eba"
                    ]
                ],
                "fasta": [
                    
                ],
                "versions_haphic": [
                    "versions.yml:md5,7a386c0c393a7ffdbc237e422e32bd59"
                ]
            }
        ],
        "timestamp": "2026-07-28T15:49:35.291742",
        "meta": {
            "nf-test": "0.9.5",
            "nextflow": "26.04.6"
        }
    }
}