{
    "sarscov2-gff3-homo_sapiens-fasta-error": {
        "content": [
            {
                "0": [
                    
                ],
                "1": [
                    [
                        {
                            "id": "test"
                        },
                        "test.error.log:md5,8a119170625dc95fb2faa6843fad2c3f"
                    ]
                ],
                "2": [
                    "versions.yml:md5,c8e0bb60f7422aa6c15db35013620802"
                ],
                "error_log": [
                    [
                        {
                            "id": "test"
                        },
                        "test.error.log:md5,8a119170625dc95fb2faa6843fad2c3f"
                    ]
                ],
                "success_log": [
                    
                ],
                "versions": [
                    "versions.yml:md5,c8e0bb60f7422aa6c15db35013620802"
                ]
            }
        ],
        "timestamp": "2023-11-29T12:24:08.677505"
    },
    "sarscov2-fasta-gff3-success": {
        "content": [
            {
                "0": [
                    [
                        {
                            "id": "test"
                        },
                        "test.success.log:md5,5cad27984e6af4889f7dcf12264fe47b"
                    ]
                ],
                "1": [
                    
                ],
                "2": [
                    "versions.yml:md5,c8e0bb60f7422aa6c15db35013620802"
                ],
                "error_log": [
                    
                ],
                "success_log": [
                    [
                        {
                            "id": "test"
                        },
                        "test.success.log:md5,5cad27984e6af4889f7dcf12264fe47b"
                    ]
                ],
                "versions": [
                    "versions.yml:md5,c8e0bb60f7422aa6c15db35013620802"
                ]
            }
        ],
        "timestamp": "2023-11-29T12:24:04.530428"
    }
}