{
    "hongyang - hic - stub": {
        "content": [
            {
                "0": [
                    [
                        {
                            "id": "test",
                            "single_end": false
                        },
                        "test.zoomify.hic:md5,d41d8cd98f00b204e9800998ecf8427e"
                    ]
                ],
                "1": [
                    [
                        "HICTK_ZOOMIFY",
                        "hictk",
                        "hictk-v2.2.0-bioconda"
                    ]
                ],
                "hic": [
                    [
                        {
                            "id": "test",
                            "single_end": false
                        },
                        "test.zoomify.hic:md5,d41d8cd98f00b204e9800998ecf8427e"
                    ]
                ],
                "versions_hictk": [
                    [
                        "HICTK_ZOOMIFY",
                        "hictk",
                        "hictk-v2.2.0-bioconda"
                    ]
                ]
            }
        ],
        "timestamp": "2026-07-29T13:50:09.571942",
        "meta": {
            "nf-test": "0.9.5",
            "nextflow": "26.04.6"
        }
    },
    "hongyang - hic": {
        "content": [
            {
                "0": [
                    [
                        {
                            "id": "test",
                            "single_end": false
                        },
                        "test.zoomify.hic:md5,af067cfe1f4ec91633a81af792a70282"
                    ]
                ],
                "1": [
                    [
                        "HICTK_ZOOMIFY",
                        "hictk",
                        "hictk-v2.2.0-bioconda"
                    ]
                ],
                "hic": [
                    [
                        {
                            "id": "test",
                            "single_end": false
                        },
                        "test.zoomify.hic:md5,af067cfe1f4ec91633a81af792a70282"
                    ]
                ],
                "versions_hictk": [
                    [
                        "HICTK_ZOOMIFY",
                        "hictk",
                        "hictk-v2.2.0-bioconda"
                    ]
                ]
            }
        ],
        "timestamp": "2026-07-29T13:49:55.169036",
        "meta": {
            "nf-test": "0.9.5",
            "nextflow": "26.04.6"
        }
    }
}