{
    "actinidia_chinensis-genome_1_fasta_gz-with_empty_mono": {
        "content": [
            [
                "versions.yml:md5,05a74dacbcd6c5906faeca3206f6563f",
                "versions.yml:md5,4b491828a96bf34cfac8268152ac7a77",
                "versions.yml:md5,52a98b45c3cf73f9314dbe9b34eca9d8",
                "versions.yml:md5,5d86cda262f5c21e43738433a2781ebc",
                "versions.yml:md5,608d746d45680f025562c4be455db461",
                "versions.yml:md5,8468404805dddec679524e75b4fa51e8",
                "versions.yml:md5,9b2d5d76add82441b1e950d333e31307",
                "versions.yml:md5,fb42c6cc5c28b6f9d3384171c7b6b143"
            ]
        ],
        "meta": {
            "nf-test": "0.8.4",
            "nextflow": "24.04.3"
        },
        "timestamp": "2024-07-29T09:23:40.519096"
    },
    "sarscov2 - fasta - noltr": {
        "content": [
            [
                
            ],
            [
                
            ],
            [
                
            ],
            [
                
            ],
            [
                "versions.yml:md5,05a74dacbcd6c5906faeca3206f6563f",
                "versions.yml:md5,4b491828a96bf34cfac8268152ac7a77",
                "versions.yml:md5,52a98b45c3cf73f9314dbe9b34eca9d8",
                "versions.yml:md5,608d746d45680f025562c4be455db461",
                "versions.yml:md5,8468404805dddec679524e75b4fa51e8",
                "versions.yml:md5,fb42c6cc5c28b6f9d3384171c7b6b143"
            ]
        ],
        "meta": {
            "nf-test": "0.8.4",
            "nextflow": "24.04.3"
        },
        "timestamp": "2024-07-29T09:24:10.73061"
    },
    "homo_sapiens - fasta": {
        "content": [
            [
                "versions.yml:md5,05a74dacbcd6c5906faeca3206f6563f",
                "versions.yml:md5,4b491828a96bf34cfac8268152ac7a77",
                "versions.yml:md5,52a98b45c3cf73f9314dbe9b34eca9d8",
                "versions.yml:md5,5d86cda262f5c21e43738433a2781ebc",
                "versions.yml:md5,608d746d45680f025562c4be455db461",
                "versions.yml:md5,8468404805dddec679524e75b4fa51e8",
                "versions.yml:md5,9b2d5d76add82441b1e950d333e31307",
                "versions.yml:md5,fb42c6cc5c28b6f9d3384171c7b6b143"
            ],
            [
                
            ]
        ],
        "meta": {
            "nf-test": "0.8.4",
            "nextflow": "24.04.3"
        },
        "timestamp": "2024-07-29T09:36:15.230271"
    },
    "actinidia_chinensis-genome_1_fasta_gz": {
        "content": [
            [
                "versions.yml:md5,05a74dacbcd6c5906faeca3206f6563f",
                "versions.yml:md5,4b491828a96bf34cfac8268152ac7a77",
                "versions.yml:md5,52a98b45c3cf73f9314dbe9b34eca9d8",
                "versions.yml:md5,5d86cda262f5c21e43738433a2781ebc",
                "versions.yml:md5,608d746d45680f025562c4be455db461",
                "versions.yml:md5,8468404805dddec679524e75b4fa51e8",
                "versions.yml:md5,fb42c6cc5c28b6f9d3384171c7b6b143"
            ]
        ],
        "meta": {
            "nf-test": "0.8.4",
            "nextflow": "24.04.3"
        },
        "timestamp": "2024-07-29T09:17:04.823488"
    },
    "actinidia_chinensis-genome_1_fasta_gz-with_mono": {
        "content": [
            [
                "versions.yml:md5,05a74dacbcd6c5906faeca3206f6563f",
                "versions.yml:md5,4b491828a96bf34cfac8268152ac7a77",
                "versions.yml:md5,52a98b45c3cf73f9314dbe9b34eca9d8",
                "versions.yml:md5,5d86cda262f5c21e43738433a2781ebc",
                "versions.yml:md5,608d746d45680f025562c4be455db461",
                "versions.yml:md5,8468404805dddec679524e75b4fa51e8",
                "versions.yml:md5,9b2d5d76add82441b1e950d333e31307",
                "versions.yml:md5,fb42c6cc5c28b6f9d3384171c7b6b143"
            ]
        ],
        "meta": {
            "nf-test": "0.8.4",
            "nextflow": "24.04.3"
        },
        "timestamp": "2024-07-29T09:20:22.223941"
    },
    "empty_fasta_stub": {
        "content": [
            {
                "0": [
                    [
                        {
                            "id": "test"
                        },
                        "test.log:md5,d41d8cd98f00b204e9800998ecf8427e"
                    ]
                ],
                "1": [
                    [
                        {
                            "id": "test"
                        },
                        "test.LTRlib.fa:md5,d41d8cd98f00b204e9800998ecf8427e"
                    ]
                ],
                "2": [
                    [
                        {
                            "id": "test"
                        },
                        "test.out.gff3:md5,d41d8cd98f00b204e9800998ecf8427e"
                    ]
                ],
                "3": [
                    [
                        {
                            "id": "test"
                        },
                        "test.LAI.log:md5,d41d8cd98f00b204e9800998ecf8427e"
                    ]
                ],
                "4": [
                    [
                        {
                            "id": "test"
                        },
                        "test.LAI.out:md5,d41d8cd98f00b204e9800998ecf8427e"
                    ]
                ],
                "5": [
                    "versions.yml:md5,05a74dacbcd6c5906faeca3206f6563f",
                    "versions.yml:md5,4b491828a96bf34cfac8268152ac7a77",
                    "versions.yml:md5,52a98b45c3cf73f9314dbe9b34eca9d8",
                    "versions.yml:md5,5d86cda262f5c21e43738433a2781ebc",
                    "versions.yml:md5,608d746d45680f025562c4be455db461",
                    "versions.yml:md5,8468404805dddec679524e75b4fa51e8",
                    "versions.yml:md5,fb42c6cc5c28b6f9d3384171c7b6b143"
                ],
                "annotation_gff": [
                    [
                        {
                            "id": "test"
                        },
                        "test.out.gff3:md5,d41d8cd98f00b204e9800998ecf8427e"
                    ]
                ],
                "lai_log": [
                    [
                        {
                            "id": "test"
                        },
                        "test.LAI.log:md5,d41d8cd98f00b204e9800998ecf8427e"
                    ]
                ],
                "lai_out": [
                    [
                        {
                            "id": "test"
                        },
                        "test.LAI.out:md5,d41d8cd98f00b204e9800998ecf8427e"
                    ]
                ],
                "ltrlib": [
                    [
                        {
                            "id": "test"
                        },
                        "test.LTRlib.fa:md5,d41d8cd98f00b204e9800998ecf8427e"
                    ]
                ],
                "ltrretriever_log": [
                    [
                        {
                            "id": "test"
                        },
                        "test.log:md5,d41d8cd98f00b204e9800998ecf8427e"
                    ]
                ],
                "versions": [
                    "versions.yml:md5,05a74dacbcd6c5906faeca3206f6563f",
                    "versions.yml:md5,4b491828a96bf34cfac8268152ac7a77",
                    "versions.yml:md5,52a98b45c3cf73f9314dbe9b34eca9d8",
                    "versions.yml:md5,5d86cda262f5c21e43738433a2781ebc",
                    "versions.yml:md5,608d746d45680f025562c4be455db461",
                    "versions.yml:md5,8468404805dddec679524e75b4fa51e8",
                    "versions.yml:md5,fb42c6cc5c28b6f9d3384171c7b6b143"
                ]
            }
        ],
        "meta": {
            "nf-test": "0.8.4",
            "nextflow": "24.04.3"
        },
        "timestamp": "2024-07-29T09:23:53.423404"
    }
}