{
    "sarscov2 - fasta - noltr": {
        "content": [
            [
                
            ],
            [
                
            ],
            [
                
            ],
            [
                
            ]
        ],
        "timestamp": "2026-07-29T11:28:42.308805",
        "meta": {
            "nf-test": "0.9.5",
            "nextflow": "26.04.6"
        }
    },
    "homo_sapiens - fasta": {
        "content": [
            [
                
            ]
        ],
        "timestamp": "2026-07-29T11:29:42.034168",
        "meta": {
            "nf-test": "0.9.5",
            "nextflow": "26.04.6"
        }
    },
    "empty_fasta_stub": {
        "content": [
            {
                "0": [
                    [
                        {
                            "id": "test"
                        },
                        "test.log:md5,d41d8cd98f00b204e9800998ecf8427e"
                    ]
                ],
                "1": [
                    [
                        {
                            "id": "test"
                        },
                        "test.LTRlib.fa:md5,d41d8cd98f00b204e9800998ecf8427e"
                    ]
                ],
                "2": [
                    [
                        {
                            "id": "test"
                        },
                        "test.out.gff3:md5,d41d8cd98f00b204e9800998ecf8427e"
                    ]
                ],
                "3": [
                    [
                        {
                            "id": "test"
                        },
                        "test.LAI.log:md5,d41d8cd98f00b204e9800998ecf8427e"
                    ]
                ],
                "4": [
                    [
                        {
                            "id": "test"
                        },
                        "test.LAI.out:md5,d41d8cd98f00b204e9800998ecf8427e"
                    ]
                ],
                "annotation_gff": [
                    [
                        {
                            "id": "test"
                        },
                        "test.out.gff3:md5,d41d8cd98f00b204e9800998ecf8427e"
                    ]
                ],
                "lai_log": [
                    [
                        {
                            "id": "test"
                        },
                        "test.LAI.log:md5,d41d8cd98f00b204e9800998ecf8427e"
                    ]
                ],
                "lai_out": [
                    [
                        {
                            "id": "test"
                        },
                        "test.LAI.out:md5,d41d8cd98f00b204e9800998ecf8427e"
                    ]
                ],
                "ltrlib": [
                    [
                        {
                            "id": "test"
                        },
                        "test.LTRlib.fa:md5,d41d8cd98f00b204e9800998ecf8427e"
                    ]
                ],
                "ltrretriever_log": [
                    [
                        {
                            "id": "test"
                        },
                        "test.log:md5,d41d8cd98f00b204e9800998ecf8427e"
                    ]
                ]
            }
        ],
        "timestamp": "2026-07-29T11:28:15.824292",
        "meta": {
            "nf-test": "0.9.5",
            "nextflow": "26.04.6"
        }
    }
}