{
    "sarscov2 - fasta - fastq - stub": {
        "content": [
            {
                "0": [
                    [
                        {
                            "id": "test_ref"
                        },
                        "test_ref.cov.wig:md5,d41d8cd98f00b204e9800998ecf8427e"
                    ]
                ],
                "wig": [
                    [
                        {
                            "id": "test_ref"
                        },
                        "test_ref.cov.wig:md5,d41d8cd98f00b204e9800998ecf8427e"
                    ]
                ]
            }
        ],
        "timestamp": "2026-07-29T10:56:10.83121",
        "meta": {
            "nf-test": "0.9.5",
            "nextflow": "26.04.6"
        }
    },
    "sarscov2 - fasta - fastq": {
        "content": [
            {
                "0": [
                    [
                        {
                            "id": "test_ref"
                        },
                        "test_ref.cov.wig:md5,720c8e2b21a9cf4a5aebb5a44da3a590"
                    ]
                ],
                "wig": [
                    [
                        {
                            "id": "test_ref"
                        },
                        "test_ref.cov.wig:md5,720c8e2b21a9cf4a5aebb5a44da3a590"
                    ]
                ]
            }
        ],
        "timestamp": "2026-07-29T10:55:58.65039",
        "meta": {
            "nf-test": "0.9.5",
            "nextflow": "26.04.6"
        }
    }
}