{
    "homo_sapiens-genome_21_fasta": {
        "content": [
            {
                "0": [
                    [
                        {
                            "id": "test"
                        },
                        "test.gff3:md5,da13c4ba22e44ef944ddec38aa72c468"
                    ]
                ],
                "1": [
                    [
                        {
                            "id": "test"
                        },
                        "test.scn:md5,65a6b80823a3f058142aed623a028a22"
                    ]
                ],
                "2": [
                    "versions.yml:md5,da7912721842adc402c15740be57751f"
                ],
                "gff3": [
                    [
                        {
                            "id": "test"
                        },
                        "test.gff3:md5,da13c4ba22e44ef944ddec38aa72c468"
                    ]
                ],
                "scn": [
                    [
                        {
                            "id": "test"
                        },
                        "test.scn:md5,65a6b80823a3f058142aed623a028a22"
                    ]
                ],
                "versions": [
                    "versions.yml:md5,da7912721842adc402c15740be57751f"
                ]
            }
        ],
        "meta": {
            "nf-test": "0.8.4",
            "nextflow": "23.10.1"
        },
        "timestamp": "2024-02-02T21:08:07.746204"
    },
    "homo_sapiens-genome_fasta-stub": {
        "content": [
            {
                "0": [
                    [
                        {
                            "id": "test"
                        },
                        "test.gff3:md5,d41d8cd98f00b204e9800998ecf8427e"
                    ]
                ],
                "1": [
                    [
                        {
                            "id": "test"
                        },
                        "test.scn:md5,d41d8cd98f00b204e9800998ecf8427e"
                    ]
                ],
                "2": [
                    "versions.yml:md5,da7912721842adc402c15740be57751f"
                ],
                "gff3": [
                    [
                        {
                            "id": "test"
                        },
                        "test.gff3:md5,d41d8cd98f00b204e9800998ecf8427e"
                    ]
                ],
                "scn": [
                    [
                        {
                            "id": "test"
                        },
                        "test.scn:md5,d41d8cd98f00b204e9800998ecf8427e"
                    ]
                ],
                "versions": [
                    "versions.yml:md5,da7912721842adc402c15740be57751f"
                ]
            }
        ],
        "meta": {
            "nf-test": "0.8.4",
            "nextflow": "23.10.1"
        },
        "timestamp": "2024-02-02T21:08:13.587479"
    },
    "script_versions": {
        "content": [
            "\"EDTA_LTRHARVEST\":\n    LTR_HARVEST_parallel: v1.1\n    genometools: 1.6.2\n"
        ],
        "meta": {
            "nf-test": "0.8.4",
            "nextflow": "23.10.1"
        },
        "timestamp": "2024-02-02T21:08:07.763375"
    },
    "stub_versions": {
        "content": [
            "\"EDTA_LTRHARVEST\":\n    LTR_HARVEST_parallel: v1.1\n    genometools: 1.6.2\n"
        ],
        "meta": {
            "nf-test": "0.8.4",
            "nextflow": "23.10.1"
        },
        "timestamp": "2024-02-02T21:08:13.601529"
    }
}