{
    "orthofinder": {
        "content": [
            {
                "successful tasks": 46,
                "versions": {
                    "ASSEMBLATHON_STATS": {
                        "assemblathon_stats": "github/PlantandFoodResearch/assemblathon2-analysis/a93cba2"
                    },
                    "FALINT": {
                        "fa-lint": "1.2.0"
                    },
                    "GFFREAD": {
                        "gffread": "0.12.7"
                    },
                    "GT_GFF3": {
                        "genometools": "1.6.5"
                    },
                    "GT_GFF3VALIDATOR": {
                        "genometools": "1.6.5"
                    },
                    "GT_STAT": {
                        "genometools": "1.6.5"
                    },
                    "GUNZIP_FASTA": {
                        "gunzip": 1.13
                    },
                    "GUNZIP_GFF3": {
                        "gunzip": 1.13
                    },
                    "ORTHOFINDER": {
                        "orthofinder": "2.5.5"
                    },
                    "SAMTOOLS_FAIDX": {
                        "samtools": 1.21
                    },
                    "SEQKIT_RMDUP": {
                        "seqkit": "v2.9.0"
                    },
                    "TAG_ASSEMBLY": {
                        "pigz": "2.3.4"
                    },
                    "Workflow": {
                        "plant-food-research-open/assemblyqc": "v3.1.0dev"
                    }
                },
                "stable paths": [
                    "agalactiae_stats.csv:md5,4f4ce28e8975f9ded73cf86ff5eaa507",
                    "gallisepticum_stats.csv:md5,cedd23a5778c76bf17053f5a0aa6eaf8",
                    "genitalium_stats.csv:md5,04ef67d681fba6ca05df4171f888424a",
                    "hyopneumoniae_stats.csv:md5,d59081ff1b5bb0e9f1be494b8463f3b8",
                    "agalactiae.gt.stat.yml:md5,6e8df307ea8bb5b668e105e8722ed959",
                    "gallisepticum.gt.stat.yml:md5,5bea6691c162699489d1b4f2a9864f4f",
                    "genitalium.gt.stat.yml:md5,042580254bc79383c07d2a461c8bf347",
                    "hyopneumoniae.gt.stat.yml:md5,8601d416b9ffbe1d230c5b3ee29387de"
                ],
                "orthofinder stats": [
                    {
                        "Number of species in orthogroup": 1,
                        "Number of orthogroups": 78
                    },
                    {
                        "Number of species in orthogroup": 2,
                        "Number of orthogroups": 166
                    },
                    {
                        "Number of species in orthogroup": 3,
                        "Number of orthogroups": 67
                    },
                    {
                        "Number of species in orthogroup": 4,
                        "Number of orthogroups": 276
                    }
                ]
            }
        ],
        "meta": {
            "nf-test": "0.9.2",
            "nextflow": "25.04.6"
        },
        "timestamp": "2025-07-17T22:43:41.196887617"
    }
}