{
    "orthofinder": {
        "content": [
            {
                "successful tasks": 46,
                "versions": {
                    "ASSEMBLATHON_STATS": {
                        "assemblathon_stats": "github/PlantandFoodResearch/assemblathon2-analysis/a93cba2"
                    },
                    "FALINT": {
                        "falint": "1.2.0"
                    },
                    "GFFREAD": {
                        "gffread": "0.12.7"
                    },
                    "GT_GFF3": {
                        "genometools": "1.6.5"
                    },
                    "GT_GFF3VALIDATOR": {
                        "genometools": "1.6.5"
                    },
                    "GT_STAT": {
                        "genometools": "1.6.5"
                    },
                    "GUNZIP_FASTA": {
                        "gunzip": 1.13
                    },
                    "GUNZIP_GFF3": {
                        "gunzip": 1.13
                    },
                    "ORTHOFINDER": {
                        "orthofinder": "3.1.3"
                    },
                    "SAMTOOLS_FAIDX": {
                        "samtools": 1.24
                    },
                    "SEQKIT_RMDUP": {
                        "seqkit": "2.13.0"
                    },
                    "TAG_ASSEMBLY": {
                        "coreutils": 9.4,
                        "find": "4.6.0",
                        "pigz": 2.8
                    },
                    "Workflow": {
                        "plant-food-research-open/assemblyqc": "v3.1.0dev"
                    }
                },
                "stable paths": [
                    "agalactiae_stats.csv:md5,4f4ce28e8975f9ded73cf86ff5eaa507",
                    "gallisepticum_stats.csv:md5,cedd23a5778c76bf17053f5a0aa6eaf8",
                    "genitalium_stats.csv:md5,04ef67d681fba6ca05df4171f888424a",
                    "hyopneumoniae_stats.csv:md5,d59081ff1b5bb0e9f1be494b8463f3b8",
                    "agalactiae.gt.stat.yml:md5,63c0935d08d5b0aabd45ce3987bf3f67",
                    "gallisepticum.gt.stat.yml:md5,5f22785cac256acf09eb3aeb1f649eed",
                    "genitalium.gt.stat.yml:md5,e8bb4d24bee4cecd9de60cf9e979f0f2",
                    "hyopneumoniae.gt.stat.yml:md5,8601d416b9ffbe1d230c5b3ee29387de"
                ],
                "orthofinder stats": [
                    {
                        "Number of species in orthogroup": 1,
                        "Number of orthogroups": 67
                    },
                    {
                        "Number of species in orthogroup": 2,
                        "Number of orthogroups": 161
                    },
                    {
                        "Number of species in orthogroup": 3,
                        "Number of orthogroups": 76
                    },
                    {
                        "Number of species in orthogroup": 4,
                        "Number of orthogroups": 280
                    }
                ]
            }
        ],
        "timestamp": "2026-08-04T10:17:31.220966",
        "meta": {
            "nf-test": "0.9.5",
            "nextflow": "26.04.6"
        }
    }
}