{
    "sarscov2-genome_gff3-genome_fasta-all_pass": {
        "content": [
            {
                "0": [
                    [
                        {
                            "id": "test"
                        },
                        "test.gt.gff3:md5,2ae900237ace415557b8735fac088b85"
                    ]
                ],
                "1": [
                    
                ],
                "2": [
                    "versions.yml:md5,10fe5c201e5fcddb52c3607ab3fdfb34",
                    "versions.yml:md5,856745cef2fff087e50ea4c0ffa3addd",
                    "versions.yml:md5,a89255422a163684b0c80ebdd8ad28ae"
                ],
                "log_for_invalid_gff3": [
                    
                ],
                "valid_gff3": [
                    [
                        {
                            "id": "test"
                        },
                        "test.gt.gff3:md5,2ae900237ace415557b8735fac088b85"
                    ]
                ],
                "versions": [
                    "versions.yml:md5,10fe5c201e5fcddb52c3607ab3fdfb34",
                    "versions.yml:md5,856745cef2fff087e50ea4c0ffa3addd",
                    "versions.yml:md5,a89255422a163684b0c80ebdd8ad28ae"
                ]
            }
        ],
        "timestamp": "2023-12-07T10:33:21.09887"
    },
    "homo_sapiens-genome_bed-genome_fasta-gt_gff3_fail": {
        "content": [
            {
                "0": [
                    
                ],
                "1": [
                    [
                        {
                            "id": "test"
                        },
                        "test.error.log:md5,c096494c3cd02864eb54434c294ba382"
                    ]
                ],
                "2": [
                    "versions.yml:md5,a89255422a163684b0c80ebdd8ad28ae"
                ],
                "log_for_invalid_gff3": [
                    [
                        {
                            "id": "test"
                        },
                        "test.error.log:md5,c096494c3cd02864eb54434c294ba382"
                    ]
                ],
                "valid_gff3": [
                    
                ],
                "versions": [
                    "versions.yml:md5,a89255422a163684b0c80ebdd8ad28ae"
                ]
            }
        ],
        "timestamp": "2023-12-07T10:35:26.549003"
    },
    "sarscov2-genome_gff3-homo_sapiens-genome_fasta-correspondence_fail": {
        "content": [
            {
                "0": [
                    
                ],
                "1": [
                    [
                        {
                            "id": "test"
                        },
                        "test.error.log:md5,67686ea1ef271821f1218a8fe0207e1f"
                    ]
                ],
                "2": [
                    "versions.yml:md5,10fe5c201e5fcddb52c3607ab3fdfb34",
                    "versions.yml:md5,856745cef2fff087e50ea4c0ffa3addd",
                    "versions.yml:md5,a89255422a163684b0c80ebdd8ad28ae"
                ],
                "log_for_invalid_gff3": [
                    [
                        {
                            "id": "test"
                        },
                        "test.error.log:md5,67686ea1ef271821f1218a8fe0207e1f"
                    ]
                ],
                "valid_gff3": [
                    
                ],
                "versions": [
                    "versions.yml:md5,10fe5c201e5fcddb52c3607ab3fdfb34",
                    "versions.yml:md5,856745cef2fff087e50ea4c0ffa3addd",
                    "versions.yml:md5,a89255422a163684b0c80ebdd8ad28ae"
                ]
            }
        ],
        "timestamp": "2023-12-07T10:35:32.53584"
    }
}