{
    "sarscov2 - fasta - stub": {
        "content": [
            {
                "0": [
                    [
                        {
                            "id": "test"
                        },
                        "test.bed:md5,d41d8cd98f00b204e9800998ecf8427e"
                    ]
                ],
                "nuc": [
                    [
                        {
                            "id": "test"
                        },
                        "test.bed:md5,d41d8cd98f00b204e9800998ecf8427e"
                    ]
                ]
            }
        ],
        "timestamp": "2026-07-29T10:27:25.654583",
        "meta": {
            "nf-test": "0.9.5",
            "nextflow": "26.04.6"
        }
    },
    "sarscov2 - fasta": {
        "content": [
            {
                "0": [
                    [
                        {
                            "id": "test"
                        },
                        "test.bed:md5,977c49e01f2c64deb42bb32398b0c3c9"
                    ]
                ],
                "nuc": [
                    [
                        {
                            "id": "test"
                        },
                        "test.bed:md5,977c49e01f2c64deb42bb32398b0c3c9"
                    ]
                ]
            }
        ],
        "timestamp": "2026-07-29T10:27:18.430441",
        "meta": {
            "nf-test": "0.9.5",
            "nextflow": "26.04.6"
        }
    }
}