{
    "hongyang - hic - stub": {
        "content": [
            {
                "0": [
                    [
                        {
                            "id": "test",
                            "single_end": false
                        },
                        "test.hic:md5,d41d8cd98f00b204e9800998ecf8427e"
                    ]
                ],
                "1": [
                    [
                        "HICTK_LOAD",
                        "hictk",
                        "hictk-v2.2.0-bioconda"
                    ]
                ],
                "hic": [
                    [
                        {
                            "id": "test",
                            "single_end": false
                        },
                        "test.hic:md5,d41d8cd98f00b204e9800998ecf8427e"
                    ]
                ],
                "versions_hictk": [
                    [
                        "HICTK_LOAD",
                        "hictk",
                        "hictk-v2.2.0-bioconda"
                    ]
                ]
            }
        ],
        "timestamp": "2026-07-29T13:49:38.529015",
        "meta": {
            "nf-test": "0.9.5",
            "nextflow": "26.04.6"
        }
    },
    "hongyang - hic": {
        "content": [
            {
                "0": [
                    [
                        {
                            "id": "test",
                            "single_end": false
                        },
                        "test.hic:md5,751629b0c0ec9358b76b97f9b25b43b3"
                    ]
                ],
                "1": [
                    [
                        "HICTK_LOAD",
                        "hictk",
                        "hictk-v2.2.0-bioconda"
                    ]
                ],
                "hic": [
                    [
                        {
                            "id": "test",
                            "single_end": false
                        },
                        "test.hic:md5,751629b0c0ec9358b76b97f9b25b43b3"
                    ]
                ],
                "versions_hictk": [
                    [
                        "HICTK_LOAD",
                        "hictk",
                        "hictk-v2.2.0-bioconda"
                    ]
                ]
            }
        ],
        "timestamp": "2026-07-29T13:49:27.202436",
        "meta": {
            "nf-test": "0.9.5",
            "nextflow": "26.04.6"
        }
    }
}