{
    "homo_sapiens-genome_bed-gt_gff3_fail": {
        "content": [
            {
                "0": [
                    
                ],
                "1": [
                    
                ],
                "2": [
                    [
                        {
                            "id": "test"
                        },
                        "test.error.log:md5,c096494c3cd02864eb54434c294ba382"
                    ]
                ],
                "gff3_stats": [
                    
                ],
                "log_for_invalid_gff3": [
                    [
                        {
                            "id": "test"
                        },
                        "test.error.log:md5,c096494c3cd02864eb54434c294ba382"
                    ]
                ],
                "valid_gff3": [
                    
                ]
            }
        ],
        "timestamp": "2026-07-29T11:02:10.437607",
        "meta": {
            "nf-test": "0.9.5",
            "nextflow": "26.04.6"
        }
    },
    "sarscov2-genome_gff3-test_fasta-correspondence_fail-out_of_bounds": {
        "content": [
            [
                
            ],
            null
        ],
        "timestamp": "2026-07-29T11:03:24.967065",
        "meta": {
            "nf-test": "0.9.5",
            "nextflow": "26.04.6"
        }
    },
    "sarscov2 - fasta - circular_region - pass": {
        "content": [
            {
                "0": [
                    [
                        {
                            "id": "test"
                        },
                        "test.gt.gff3:md5,b3bb01b18b8eeac28922ab55c5c6c939"
                    ]
                ],
                "1": [
                    [
                        {
                            "id": "test"
                        },
                        "test.yml:md5,545b8e290cfa8a93fd0ff01ad9daee08"
                    ]
                ],
                "2": [
                    
                ],
                "gff3_stats": [
                    [
                        {
                            "id": "test"
                        },
                        "test.yml:md5,545b8e290cfa8a93fd0ff01ad9daee08"
                    ]
                ],
                "log_for_invalid_gff3": [
                    
                ],
                "valid_gff3": [
                    [
                        {
                            "id": "test"
                        },
                        "test.gt.gff3:md5,b3bb01b18b8eeac28922ab55c5c6c939"
                    ]
                ]
            }
        ],
        "timestamp": "2026-07-29T11:04:04.426015",
        "meta": {
            "nf-test": "0.9.5",
            "nextflow": "26.04.6"
        }
    },
    "sarscov2-genome_gff3-homo_sapiens-genome_fasta-correspondence_fail": {
        "content": [
            [
                
            ],
            null
        ],
        "timestamp": "2026-07-29T11:02:43.801221",
        "meta": {
            "nf-test": "0.9.5",
            "nextflow": "26.04.6"
        }
    },
    "sarscov2-genome_gff3-all_pass": {
        "content": [
            {
                "0": [
                    [
                        {
                            "id": "test"
                        },
                        "test.gt.gff3:md5,2ae900237ace415557b8735fac088b85"
                    ]
                ],
                "1": [
                    [
                        {
                            "id": "test"
                        },
                        "test.yml:md5,762d733791108d9723989c3bbc69fa2b"
                    ]
                ],
                "2": [
                    
                ],
                "gff3_stats": [
                    [
                        {
                            "id": "test"
                        },
                        "test.yml:md5,762d733791108d9723989c3bbc69fa2b"
                    ]
                ],
                "log_for_invalid_gff3": [
                    
                ],
                "valid_gff3": [
                    [
                        {
                            "id": "test"
                        },
                        "test.gt.gff3:md5,2ae900237ace415557b8735fac088b85"
                    ]
                ]
            }
        ],
        "timestamp": "2026-07-29T11:01:52.092499",
        "meta": {
            "nf-test": "0.9.5",
            "nextflow": "26.04.6"
        }
    }
}