{
    "tiny": {
        "content": [
            {
                "successful tasks": 9,
                "versions": {
                    "ASSEMBLATHON_STATS": {
                        "assemblathon_stats": "github/PlantandFoodResearch/assemblathon2-analysis/a93cba2"
                    },
                    "FALINT": {
                        "falint": "1.2.0"
                    },
                    "GT_GFF3": {
                        "genometools": "1.6.5"
                    },
                    "GT_GFF3VALIDATOR": {
                        "genometools": "1.6.5"
                    },
                    "GT_STAT": {
                        "genometools": "1.6.5"
                    },
                    "SAMTOOLS_FAIDX": {
                        "samtools": 1.24
                    },
                    "SEQKIT_RMDUP": {
                        "seqkit": "2.13.0"
                    },
                    "TAG_ASSEMBLY": {
                        "coreutils": 9.4,
                        "find": "4.6.0",
                        "pigz": 2.8
                    },
                    "Workflow": {
                        "plant-food-research-open/assemblyqc": "v3.1.0"
                    }
                },
                "stable paths": [
                    "sarscov2_stats.csv:md5,9ec4147b73cae550a38337520fc028dd",
                    "sarscov2.gt.stat.yml:md5,2504b472be03bdebaa033b0e507e4bfe"
                ]
            }
        ],
        "timestamp": "2026-08-04T10:27:57.728807",
        "meta": {
            "nf-test": "0.9.5",
            "nextflow": "26.04.6"
        }
    }
}