{
    "interleavefasta - standard": {
        "content": [
            {
                "0": [
                    [
                        {
                            "id": "test"
                        },
                        "test.fasta:md5,3a3fbf038c4084fe2a6ca6881b040fa0"
                    ]
                ],
                "1": [
                    "versions.yml:md5,d068b70bd89339c1cf161f53f987eb6b"
                ],
                "fasta": [
                    [
                        {
                            "id": "test"
                        },
                        "test.fasta:md5,3a3fbf038c4084fe2a6ca6881b040fa0"
                    ]
                ],
                "versions_python": [
                    "versions.yml:md5,d068b70bd89339c1cf161f53f987eb6b"
                ]
            }
        ],
        "timestamp": "2026-07-27T11:50:01.038033",
        "meta": {
            "nf-test": "0.9.5",
            "nextflow": "26.04.6"
        }
    },
    "interleavefasta - empty input": {
        "content": [
            {
                "0": [
                    [
                        {
                            "id": "test"
                        },
                        "test.fasta:md5,0ede8d9587873eb05c2c2b17f63e31f4"
                    ]
                ],
                "1": [
                    "versions.yml:md5,d068b70bd89339c1cf161f53f987eb6b"
                ],
                "fasta": [
                    [
                        {
                            "id": "test"
                        },
                        "test.fasta:md5,0ede8d9587873eb05c2c2b17f63e31f4"
                    ]
                ],
                "versions_python": [
                    "versions.yml:md5,d068b70bd89339c1cf161f53f987eb6b"
                ]
            }
        ],
        "timestamp": "2026-07-27T11:50:05.177125",
        "meta": {
            "nf-test": "0.9.5",
            "nextflow": "26.04.6"
        }
    },
    "interleavefasta - id collision triggers prefix": {
        "content": [
            {
                "0": [
                    [
                        {
                            "id": "test"
                        },
                        "test.fasta:md5,ef386ed4c8f37fda8ded4124250e2dd5"
                    ]
                ],
                "1": [
                    "versions.yml:md5,d068b70bd89339c1cf161f53f987eb6b"
                ],
                "fasta": [
                    [
                        {
                            "id": "test"
                        },
                        "test.fasta:md5,ef386ed4c8f37fda8ded4124250e2dd5"
                    ]
                ],
                "versions_python": [
                    "versions.yml:md5,d068b70bd89339c1cf161f53f987eb6b"
                ]
            }
        ],
        "timestamp": "2026-07-27T11:50:09.278338",
        "meta": {
            "nf-test": "0.9.5",
            "nextflow": "26.04.6"
        }
    },
    "interleavefasta - five files": {
        "content": [
            {
                "0": [
                    [
                        {
                            "id": "test"
                        },
                        "test.fasta:md5,351155e045aaf4e93cdf2481b9392047"
                    ]
                ],
                "1": [
                    "versions.yml:md5,d068b70bd89339c1cf161f53f987eb6b"
                ],
                "fasta": [
                    [
                        {
                            "id": "test"
                        },
                        "test.fasta:md5,351155e045aaf4e93cdf2481b9392047"
                    ]
                ],
                "versions_python": [
                    "versions.yml:md5,d068b70bd89339c1cf161f53f987eb6b"
                ]
            }
        ],
        "timestamp": "2026-07-27T11:50:13.888061",
        "meta": {
            "nf-test": "0.9.5",
            "nextflow": "26.04.6"
        }
    }
}