{
    "sarscov2-genome_gff3-success": {
        "content": [
            {
                "0": [
                    [
                        {
                            "id": "test",
                            "single_end": false
                        },
                        "test.restored.ids.gff3:md5,2c294938b9eb4e52d19e14725c1d92a9"
                    ]
                ],
                "1": [
                    "versions.yml:md5,32d31c4f1da9a3d1be013fd163e5867e"
                ],
                "restored_ids_gff3": [
                    [
                        {
                            "id": "test",
                            "single_end": false
                        },
                        "test.restored.ids.gff3:md5,2c294938b9eb4e52d19e14725c1d92a9"
                    ]
                ],
                "versions_python": [
                    "versions.yml:md5,32d31c4f1da9a3d1be013fd163e5867e"
                ]
            }
        ],
        "timestamp": "2026-07-28T14:28:17.695709",
        "meta": {
            "nf-test": "0.9.5",
            "nextflow": "26.04.6"
        }
    },
    "versions_stub": {
        "content": null,
        "timestamp": "2026-07-28T14:28:22.565906",
        "meta": {
            "nf-test": "0.9.5",
            "nextflow": "26.04.6"
        }
    },
    "versions": {
        "content": null,
        "timestamp": "2026-07-28T14:28:17.746068",
        "meta": {
            "nf-test": "0.9.5",
            "nextflow": "26.04.6"
        }
    }
}