{
    "test_fastp_single_end_qc_only - stub": {
        "content": [
            {
                "0": [
                    
                ],
                "1": [
                    [
                        {
                            "id": "test",
                            "single_end": true
                        },
                        "test.fastp.json:md5,d41d8cd98f00b204e9800998ecf8427e"
                    ]
                ],
                "2": [
                    [
                        {
                            "id": "test",
                            "single_end": true
                        },
                        "test.fastp.html:md5,d41d8cd98f00b204e9800998ecf8427e"
                    ]
                ],
                "3": [
                    [
                        {
                            "id": "test",
                            "single_end": true
                        },
                        "test.fastp.log:md5,d41d8cd98f00b204e9800998ecf8427e"
                    ]
                ],
                "4": [
                    
                ],
                "5": [
                    
                ],
                "6": [
                    "versions.yml:md5,48ffc994212fb1fc9f83a74fa69c9f02"
                ],
                "html": [
                    [
                        {
                            "id": "test",
                            "single_end": true
                        },
                        "test.fastp.html:md5,d41d8cd98f00b204e9800998ecf8427e"
                    ]
                ],
                "json": [
                    [
                        {
                            "id": "test",
                            "single_end": true
                        },
                        "test.fastp.json:md5,d41d8cd98f00b204e9800998ecf8427e"
                    ]
                ],
                "log": [
                    [
                        {
                            "id": "test",
                            "single_end": true
                        },
                        "test.fastp.log:md5,d41d8cd98f00b204e9800998ecf8427e"
                    ]
                ],
                "reads": [
                    
                ],
                "reads_fail": [
                    
                ],
                "reads_merged": [
                    
                ],
                "versions": [
                    "versions.yml:md5,48ffc994212fb1fc9f83a74fa69c9f02"
                ]
            }
        ],
        "meta": {
            "nf-test": "0.8.4",
            "nextflow": "24.04.2"
        },
        "timestamp": "2024-07-05T14:31:10.841098"
    },
    "test_fastp_paired_end": {
        "content": [
            [
                [
                    {
                        "id": "test",
                        "single_end": false
                    },
                    "test.fastp.json:md5,63273f642b5a4495ce7ccba2d4419edf"
                ]
            ],
            [
                [
                    {
                        "id": "test",
                        "single_end": false
                    },
                    [
                        "test_1.fastp.fastq.gz:md5,67b2bbae47f073e05a97a9c2edce23c7",
                        "test_2.fastp.fastq.gz:md5,25cbdca08e2083dbd4f0502de6b62f39"
                    ]
                ]
            ],
            [
                
            ],
            [
                
            ],
            [
                "versions.yml:md5,48ffc994212fb1fc9f83a74fa69c9f02"
            ]
        ],
        "meta": {
            "nf-test": "0.9.0",
            "nextflow": "24.04.4"
        },
        "timestamp": "2024-10-10T20:59:33.270219"
    },
    "test_fastp_paired_end_merged_adapterlist": {
        "content": [
            [
                [
                    {
                        "id": "test",
                        "single_end": false
                    },
                    "test.fastp.json:md5,7412a2cca178cc149757b229d2730d24"
                ]
            ],
            [
                [
                    {
                        "id": "test",
                        "single_end": false
                    },
                    [
                        "test_1.fastp.fastq.gz:md5,54b726a55e992a869fd3fa778afe1672",
                        "test_2.fastp.fastq.gz:md5,29d3b33b869f7b63417b8ff07bb128ba"
                    ]
                ]
            ],
            [
                
            ],
            [
                [
                    {
                        "id": "test",
                        "single_end": false
                    },
                    "test.merged.fastq.gz:md5,c873bb1ab3fa859dcc47306465e749d5"
                ]
            ],
            [
                "versions.yml:md5,48ffc994212fb1fc9f83a74fa69c9f02"
            ]
        ],
        "meta": {
            "nf-test": "0.9.0",
            "nextflow": "24.04.4"
        },
        "timestamp": "2024-10-10T21:00:25.951101"
    },
    "test_fastp_single_end_qc_only": {
        "content": [
            [
                [
                    {
                        "id": "test",
                        "single_end": true
                    },
                    "test.fastp.json:md5,8117ddbdb1ae856821eb66f40b14ba05"
                ]
            ],
            [
                
            ],
            [
                
            ],
            [
                
            ],
            [
                
            ],
            [
                
            ],
            [
                
            ],
            [
                "versions.yml:md5,48ffc994212fb1fc9f83a74fa69c9f02"
            ]
        ],
        "meta": {
            "nf-test": "0.9.0",
            "nextflow": "24.04.4"
        },
        "timestamp": "2024-10-10T21:00:36.271913"
    },
    "test_fastp_paired_end_trim_fail": {
        "content": [
            [
                [
                    {
                        "id": "test",
                        "single_end": false
                    },
                    [
                        "test_1.fastp.fastq.gz:md5,6ff32a64c5188b9a9192be1398c262c7",
                        "test_2.fastp.fastq.gz:md5,db0cb7c9977e94ac2b4b446ebd017a8a"
                    ]
                ]
            ],
            [
                [
                    {
                        "id": "test",
                        "single_end": false
                    },
                    [
                        "test.paired.fail.fastq.gz:md5,409b687c734cedd7a1fec14d316e1366",
                        "test_1.fail.fastq.gz:md5,4f273cf3159c13f79e8ffae12f5661f6",
                        "test_2.fail.fastq.gz:md5,f97b9edefb5649aab661fbc9e71fc995"
                    ]
                ]
            ],
            [
                
            ],
            [
                [
                    {
                        "id": "test",
                        "single_end": false
                    },
                    "test.fastp.json:md5,5b7664268c0537423ffaa162701dae70"
                ]
            ],
            [
                "versions.yml:md5,48ffc994212fb1fc9f83a74fa69c9f02"
            ]
        ],
        "meta": {
            "nf-test": "0.9.0",
            "nextflow": "24.04.4"
        },
        "timestamp": "2024-10-10T21:00:04.189799"
    },
    "fastp - stub test_fastp_interleaved": {
        "content": [
            {
                "0": [
                    [
                        {
                            "id": "test",
                            "single_end": true
                        },
                        "test.fastp.fastq.gz:md5,68b329da9893e34099c7d8ad5cb9c940"
                    ]
                ],
                "1": [
                    [
                        {
                            "id": "test",
                            "single_end": true
                        },
                        "test.fastp.json:md5,d41d8cd98f00b204e9800998ecf8427e"
                    ]
                ],
                "2": [
                    [
                        {
                            "id": "test",
                            "single_end": true
                        },
                        "test.fastp.html:md5,d41d8cd98f00b204e9800998ecf8427e"
                    ]
                ],
                "3": [
                    [
                        {
                            "id": "test",
                            "single_end": true
                        },
                        "test.fastp.log:md5,d41d8cd98f00b204e9800998ecf8427e"
                    ]
                ],
                "4": [
                    
                ],
                "5": [
                    
                ],
                "6": [
                    "versions.yml:md5,48ffc994212fb1fc9f83a74fa69c9f02"
                ],
                "html": [
                    [
                        {
                            "id": "test",
                            "single_end": true
                        },
                        "test.fastp.html:md5,d41d8cd98f00b204e9800998ecf8427e"
                    ]
                ],
                "json": [
                    [
                        {
                            "id": "test",
                            "single_end": true
                        },
                        "test.fastp.json:md5,d41d8cd98f00b204e9800998ecf8427e"
                    ]
                ],
                "log": [
                    [
                        {
                            "id": "test",
                            "single_end": true
                        },
                        "test.fastp.log:md5,d41d8cd98f00b204e9800998ecf8427e"
                    ]
                ],
                "reads": [
                    [
                        {
                            "id": "test",
                            "single_end": true
                        },
                        "test.fastp.fastq.gz:md5,68b329da9893e34099c7d8ad5cb9c940"
                    ]
                ],
                "reads_fail": [
                    
                ],
                "reads_merged": [
                    
                ],
                "versions": [
                    "versions.yml:md5,48ffc994212fb1fc9f83a74fa69c9f02"
                ]
            }
        ],
        "meta": {
            "nf-test": "0.8.4",
            "nextflow": "24.04.2"
        },
        "timestamp": "2024-07-05T13:50:00.270029"
    },
    "test_fastp_single_end - stub": {
        "content": [
            {
                "0": [
                    [
                        {
                            "id": "test",
                            "single_end": true
                        },
                        "test.fastp.fastq.gz:md5,68b329da9893e34099c7d8ad5cb9c940"
                    ]
                ],
                "1": [
                    [
                        {
                            "id": "test",
                            "single_end": true
                        },
                        "test.fastp.json:md5,d41d8cd98f00b204e9800998ecf8427e"
                    ]
                ],
                "2": [
                    [
                        {
                            "id": "test",
                            "single_end": true
                        },
                        "test.fastp.html:md5,d41d8cd98f00b204e9800998ecf8427e"
                    ]
                ],
                "3": [
                    [
                        {
                            "id": "test",
                            "single_end": true
                        },
                        "test.fastp.log:md5,d41d8cd98f00b204e9800998ecf8427e"
                    ]
                ],
                "4": [
                    
                ],
                "5": [
                    
                ],
                "6": [
                    "versions.yml:md5,48ffc994212fb1fc9f83a74fa69c9f02"
                ],
                "html": [
                    [
                        {
                            "id": "test",
                            "single_end": true
                        },
                        "test.fastp.html:md5,d41d8cd98f00b204e9800998ecf8427e"
                    ]
                ],
                "json": [
                    [
                        {
                            "id": "test",
                            "single_end": true
                        },
                        "test.fastp.json:md5,d41d8cd98f00b204e9800998ecf8427e"
                    ]
                ],
                "log": [
                    [
                        {
                            "id": "test",
                            "single_end": true
                        },
                        "test.fastp.log:md5,d41d8cd98f00b204e9800998ecf8427e"
                    ]
                ],
                "reads": [
                    [
                        {
                            "id": "test",
                            "single_end": true
                        },
                        "test.fastp.fastq.gz:md5,68b329da9893e34099c7d8ad5cb9c940"
                    ]
                ],
                "reads_fail": [
                    
                ],
                "reads_merged": [
                    
                ],
                "versions": [
                    "versions.yml:md5,48ffc994212fb1fc9f83a74fa69c9f02"
                ]
            }
        ],
        "meta": {
            "nf-test": "0.8.4",
            "nextflow": "24.04.2"
        },
        "timestamp": "2024-07-05T13:49:42.502789"
    },
    "test_fastp_paired_end_merged_adapterlist - stub": {
        "content": [
            {
                "0": [
                    [
                        {
                            "id": "test",
                            "single_end": false
                        },
                        [
                            "test_1.fastp.fastq.gz:md5,68b329da9893e34099c7d8ad5cb9c940",
                            "test_2.fastp.fastq.gz:md5,68b329da9893e34099c7d8ad5cb9c940"
                        ]
                    ]
                ],
                "1": [
                    [
                        {
                            "id": "test",
                            "single_end": false
                        },
                        "test.fastp.json:md5,d41d8cd98f00b204e9800998ecf8427e"
                    ]
                ],
                "2": [
                    [
                        {
                            "id": "test",
                            "single_end": false
                        },
                        "test.fastp.html:md5,d41d8cd98f00b204e9800998ecf8427e"
                    ]
                ],
                "3": [
                    [
                        {
                            "id": "test",
                            "single_end": false
                        },
                        "test.fastp.log:md5,d41d8cd98f00b204e9800998ecf8427e"
                    ]
                ],
                "4": [
                    
                ],
                "5": [
                    [
                        {
                            "id": "test",
                            "single_end": false
                        },
                        "test.merged.fastq.gz:md5,68b329da9893e34099c7d8ad5cb9c940"
                    ]
                ],
                "6": [
                    "versions.yml:md5,48ffc994212fb1fc9f83a74fa69c9f02"
                ],
                "html": [
                    [
                        {
                            "id": "test",
                            "single_end": false
                        },
                        "test.fastp.html:md5,d41d8cd98f00b204e9800998ecf8427e"
                    ]
                ],
                "json": [
                    [
                        {
                            "id": "test",
                            "single_end": false
                        },
                        "test.fastp.json:md5,d41d8cd98f00b204e9800998ecf8427e"
                    ]
                ],
                "log": [
                    [
                        {
                            "id": "test",
                            "single_end": false
                        },
                        "test.fastp.log:md5,d41d8cd98f00b204e9800998ecf8427e"
                    ]
                ],
                "reads": [
                    [
                        {
                            "id": "test",
                            "single_end": false
                        },
                        [
                            "test_1.fastp.fastq.gz:md5,68b329da9893e34099c7d8ad5cb9c940",
                            "test_2.fastp.fastq.gz:md5,68b329da9893e34099c7d8ad5cb9c940"
                        ]
                    ]
                ],
                "reads_fail": [
                    
                ],
                "reads_merged": [
                    [
                        {
                            "id": "test",
                            "single_end": false
                        },
                        "test.merged.fastq.gz:md5,68b329da9893e34099c7d8ad5cb9c940"
                    ]
                ],
                "versions": [
                    "versions.yml:md5,48ffc994212fb1fc9f83a74fa69c9f02"
                ]
            }
        ],
        "meta": {
            "nf-test": "0.8.4",
            "nextflow": "24.04.2"
        },
        "timestamp": "2024-07-05T13:54:53.458252"
    },
    "test_fastp_paired_end_merged - stub": {
        "content": [
            {
                "0": [
                    [
                        {
                            "id": "test",
                            "single_end": false
                        },
                        [
                            "test_1.fastp.fastq.gz:md5,68b329da9893e34099c7d8ad5cb9c940",
                            "test_2.fastp.fastq.gz:md5,68b329da9893e34099c7d8ad5cb9c940"
                        ]
                    ]
                ],
                "1": [
                    [
                        {
                            "id": "test",
                            "single_end": false
                        },
                        "test.fastp.json:md5,d41d8cd98f00b204e9800998ecf8427e"
                    ]
                ],
                "2": [
                    [
                        {
                            "id": "test",
                            "single_end": false
                        },
                        "test.fastp.html:md5,d41d8cd98f00b204e9800998ecf8427e"
                    ]
                ],
                "3": [
                    [
                        {
                            "id": "test",
                            "single_end": false
                        },
                        "test.fastp.log:md5,d41d8cd98f00b204e9800998ecf8427e"
                    ]
                ],
                "4": [
                    
                ],
                "5": [
                    [
                        {
                            "id": "test",
                            "single_end": false
                        },
                        "test.merged.fastq.gz:md5,68b329da9893e34099c7d8ad5cb9c940"
                    ]
                ],
                "6": [
                    "versions.yml:md5,48ffc994212fb1fc9f83a74fa69c9f02"
                ],
                "html": [
                    [
                        {
                            "id": "test",
                            "single_end": false
                        },
                        "test.fastp.html:md5,d41d8cd98f00b204e9800998ecf8427e"
                    ]
                ],
                "json": [
                    [
                        {
                            "id": "test",
                            "single_end": false
                        },
                        "test.fastp.json:md5,d41d8cd98f00b204e9800998ecf8427e"
                    ]
                ],
                "log": [
                    [
                        {
                            "id": "test",
                            "single_end": false
                        },
                        "test.fastp.log:md5,d41d8cd98f00b204e9800998ecf8427e"
                    ]
                ],
                "reads": [
                    [
                        {
                            "id": "test",
                            "single_end": false
                        },
                        [
                            "test_1.fastp.fastq.gz:md5,68b329da9893e34099c7d8ad5cb9c940",
                            "test_2.fastp.fastq.gz:md5,68b329da9893e34099c7d8ad5cb9c940"
                        ]
                    ]
                ],
                "reads_fail": [
                    
                ],
                "reads_merged": [
                    [
                        {
                            "id": "test",
                            "single_end": false
                        },
                        "test.merged.fastq.gz:md5,68b329da9893e34099c7d8ad5cb9c940"
                    ]
                ],
                "versions": [
                    "versions.yml:md5,48ffc994212fb1fc9f83a74fa69c9f02"
                ]
            }
        ],
        "meta": {
            "nf-test": "0.8.4",
            "nextflow": "24.04.2"
        },
        "timestamp": "2024-07-05T13:50:27.689379"
    },
    "test_fastp_paired_end_merged": {
        "content": [
            [
                [
                    {
                        "id": "test",
                        "single_end": false
                    },
                    "test.fastp.json:md5,defba10ab9bb3e4235a86d90a51a2e79"
                ]
            ],
            [
                [
                    {
                        "id": "test",
                        "single_end": false
                    },
                    [
                        "test_1.fastp.fastq.gz:md5,54b726a55e992a869fd3fa778afe1672",
                        "test_2.fastp.fastq.gz:md5,29d3b33b869f7b63417b8ff07bb128ba"
                    ]
                ]
            ],
            [
                
            ],
            [
                [
                    {
                        "id": "test",
                        "single_end": false
                    },
                    "test.merged.fastq.gz:md5,c873bb1ab3fa859dcc47306465e749d5"
                ]
            ],
            [
                "versions.yml:md5,48ffc994212fb1fc9f83a74fa69c9f02"
            ]
        ],
        "meta": {
            "nf-test": "0.9.0",
            "nextflow": "24.04.4"
        },
        "timestamp": "2024-10-10T21:00:13.75505"
    },
    "test_fastp_paired_end - stub": {
        "content": [
            {
                "0": [
                    [
                        {
                            "id": "test",
                            "single_end": false
                        },
                        [
                            "test_1.fastp.fastq.gz:md5,68b329da9893e34099c7d8ad5cb9c940",
                            "test_2.fastp.fastq.gz:md5,68b329da9893e34099c7d8ad5cb9c940"
                        ]
                    ]
                ],
                "1": [
                    [
                        {
                            "id": "test",
                            "single_end": false
                        },
                        "test.fastp.json:md5,d41d8cd98f00b204e9800998ecf8427e"
                    ]
                ],
                "2": [
                    [
                        {
                            "id": "test",
                            "single_end": false
                        },
                        "test.fastp.html:md5,d41d8cd98f00b204e9800998ecf8427e"
                    ]
                ],
                "3": [
                    [
                        {
                            "id": "test",
                            "single_end": false
                        },
                        "test.fastp.log:md5,d41d8cd98f00b204e9800998ecf8427e"
                    ]
                ],
                "4": [
                    
                ],
                "5": [
                    
                ],
                "6": [
                    "versions.yml:md5,48ffc994212fb1fc9f83a74fa69c9f02"
                ],
                "html": [
                    [
                        {
                            "id": "test",
                            "single_end": false
                        },
                        "test.fastp.html:md5,d41d8cd98f00b204e9800998ecf8427e"
                    ]
                ],
                "json": [
                    [
                        {
                            "id": "test",
                            "single_end": false
                        },
                        "test.fastp.json:md5,d41d8cd98f00b204e9800998ecf8427e"
                    ]
                ],
                "log": [
                    [
                        {
                            "id": "test",
                            "single_end": false
                        },
                        "test.fastp.log:md5,d41d8cd98f00b204e9800998ecf8427e"
                    ]
                ],
                "reads": [
                    [
                        {
                            "id": "test",
                            "single_end": false
                        },
                        [
                            "test_1.fastp.fastq.gz:md5,68b329da9893e34099c7d8ad5cb9c940",
                            "test_2.fastp.fastq.gz:md5,68b329da9893e34099c7d8ad5cb9c940"
                        ]
                    ]
                ],
                "reads_fail": [
                    
                ],
                "reads_merged": [
                    
                ],
                "versions": [
                    "versions.yml:md5,48ffc994212fb1fc9f83a74fa69c9f02"
                ]
            }
        ],
        "meta": {
            "nf-test": "0.8.4",
            "nextflow": "24.04.2"
        },
        "timestamp": "2024-07-05T13:49:51.679221"
    },
    "test_fastp_single_end": {
        "content": [
            [
                [
                    {
                        "id": "test",
                        "single_end": true
                    },
                    "test.fastp.json:md5,898dafe80449209d752985698a8cded0"
                ]
            ],
            [
                [
                    {
                        "id": "test",
                        "single_end": true
                    },
                    "test.fastp.fastq.gz:md5,67b2bbae47f073e05a97a9c2edce23c7"
                ]
            ],
            [
                
            ],
            [
                
            ],
            [
                "versions.yml:md5,48ffc994212fb1fc9f83a74fa69c9f02"
            ]
        ],
        "meta": {
            "nf-test": "0.9.0",
            "nextflow": "24.04.4"
        },
        "timestamp": "2024-10-10T20:59:23.552733"
    },
    "test_fastp_single_end_trim_fail - stub": {
        "content": [
            {
                "0": [
                    [
                        {
                            "id": "test",
                            "single_end": true
                        },
                        "test.fastp.fastq.gz:md5,68b329da9893e34099c7d8ad5cb9c940"
                    ]
                ],
                "1": [
                    [
                        {
                            "id": "test",
                            "single_end": true
                        },
                        "test.fastp.json:md5,d41d8cd98f00b204e9800998ecf8427e"
                    ]
                ],
                "2": [
                    [
                        {
                            "id": "test",
                            "single_end": true
                        },
                        "test.fastp.html:md5,d41d8cd98f00b204e9800998ecf8427e"
                    ]
                ],
                "3": [
                    [
                        {
                            "id": "test",
                            "single_end": true
                        },
                        "test.fastp.log:md5,d41d8cd98f00b204e9800998ecf8427e"
                    ]
                ],
                "4": [
                    [
                        {
                            "id": "test",
                            "single_end": true
                        },
                        "test.fail.fastq.gz:md5,68b329da9893e34099c7d8ad5cb9c940"
                    ]
                ],
                "5": [
                    
                ],
                "6": [
                    "versions.yml:md5,48ffc994212fb1fc9f83a74fa69c9f02"
                ],
                "html": [
                    [
                        {
                            "id": "test",
                            "single_end": true
                        },
                        "test.fastp.html:md5,d41d8cd98f00b204e9800998ecf8427e"
                    ]
                ],
                "json": [
                    [
                        {
                            "id": "test",
                            "single_end": true
                        },
                        "test.fastp.json:md5,d41d8cd98f00b204e9800998ecf8427e"
                    ]
                ],
                "log": [
                    [
                        {
                            "id": "test",
                            "single_end": true
                        },
                        "test.fastp.log:md5,d41d8cd98f00b204e9800998ecf8427e"
                    ]
                ],
                "reads": [
                    [
                        {
                            "id": "test",
                            "single_end": true
                        },
                        "test.fastp.fastq.gz:md5,68b329da9893e34099c7d8ad5cb9c940"
                    ]
                ],
                "reads_fail": [
                    [
                        {
                            "id": "test",
                            "single_end": true
                        },
                        "test.fail.fastq.gz:md5,68b329da9893e34099c7d8ad5cb9c940"
                    ]
                ],
                "reads_merged": [
                    
                ],
                "versions": [
                    "versions.yml:md5,48ffc994212fb1fc9f83a74fa69c9f02"
                ]
            }
        ],
        "meta": {
            "nf-test": "0.8.4",
            "nextflow": "24.04.2"
        },
        "timestamp": "2024-07-05T14:05:36.898142"
    },
    "test_fastp_paired_end_trim_fail - stub": {
        "content": [
            {
                "0": [
                    [
                        {
                            "id": "test",
                            "single_end": false
                        },
                        [
                            "test_1.fastp.fastq.gz:md5,68b329da9893e34099c7d8ad5cb9c940",
                            "test_2.fastp.fastq.gz:md5,68b329da9893e34099c7d8ad5cb9c940"
                        ]
                    ]
                ],
                "1": [
                    [
                        {
                            "id": "test",
                            "single_end": false
                        },
                        "test.fastp.json:md5,d41d8cd98f00b204e9800998ecf8427e"
                    ]
                ],
                "2": [
                    [
                        {
                            "id": "test",
                            "single_end": false
                        },
                        "test.fastp.html:md5,d41d8cd98f00b204e9800998ecf8427e"
                    ]
                ],
                "3": [
                    [
                        {
                            "id": "test",
                            "single_end": false
                        },
                        "test.fastp.log:md5,d41d8cd98f00b204e9800998ecf8427e"
                    ]
                ],
                "4": [
                    [
                        {
                            "id": "test",
                            "single_end": false
                        },
                        [
                            "test.paired.fail.fastq.gz:md5,68b329da9893e34099c7d8ad5cb9c940",
                            "test_1.fail.fastq.gz:md5,68b329da9893e34099c7d8ad5cb9c940",
                            "test_2.fail.fastq.gz:md5,68b329da9893e34099c7d8ad5cb9c940"
                        ]
                    ]
                ],
                "5": [
                    
                ],
                "6": [
                    "versions.yml:md5,48ffc994212fb1fc9f83a74fa69c9f02"
                ],
                "html": [
                    [
                        {
                            "id": "test",
                            "single_end": false
                        },
                        "test.fastp.html:md5,d41d8cd98f00b204e9800998ecf8427e"
                    ]
                ],
                "json": [
                    [
                        {
                            "id": "test",
                            "single_end": false
                        },
                        "test.fastp.json:md5,d41d8cd98f00b204e9800998ecf8427e"
                    ]
                ],
                "log": [
                    [
                        {
                            "id": "test",
                            "single_end": false
                        },
                        "test.fastp.log:md5,d41d8cd98f00b204e9800998ecf8427e"
                    ]
                ],
                "reads": [
                    [
                        {
                            "id": "test",
                            "single_end": false
                        },
                        [
                            "test_1.fastp.fastq.gz:md5,68b329da9893e34099c7d8ad5cb9c940",
                            "test_2.fastp.fastq.gz:md5,68b329da9893e34099c7d8ad5cb9c940"
                        ]
                    ]
                ],
                "reads_fail": [
                    [
                        {
                            "id": "test",
                            "single_end": false
                        },
                        [
                            "test.paired.fail.fastq.gz:md5,68b329da9893e34099c7d8ad5cb9c940",
                            "test_1.fail.fastq.gz:md5,68b329da9893e34099c7d8ad5cb9c940",
                            "test_2.fail.fastq.gz:md5,68b329da9893e34099c7d8ad5cb9c940"
                        ]
                    ]
                ],
                "reads_merged": [
                    
                ],
                "versions": [
                    "versions.yml:md5,48ffc994212fb1fc9f83a74fa69c9f02"
                ]
            }
        ],
        "meta": {
            "nf-test": "0.8.4",
            "nextflow": "24.04.2"
        },
        "timestamp": "2024-07-05T14:05:49.212847"
    },
    "fastp test_fastp_interleaved": {
        "content": [
            [
                [
                    {
                        "id": "test",
                        "single_end": true
                    },
                    "test.fastp.fastq.gz:md5,217d62dc13a23e92513a1bd8e1bcea39"
                ]
            ],
            [
                [
                    {
                        "id": "test",
                        "single_end": true
                    },
                    "test.fastp.json:md5,d09c3ec938c4a7bd04bd6398f42fa9ca"
                ]
            ],
            [
                "versions.yml:md5,48ffc994212fb1fc9f83a74fa69c9f02"
            ]
        ],
        "meta": {
            "nf-test": "0.9.0",
            "nextflow": "24.04.4"
        },
        "timestamp": "2024-10-10T20:59:41.725562"
    },
    "test_fastp_single_end_trim_fail": {
        "content": [
            [
                [
                    {
                        "id": "test",
                        "single_end": true
                    },
                    "test.fastp.json:md5,4415a44b64ff54a7a450b0acec32bc46"
                ]
            ],
            [
                [
                    {
                        "id": "test",
                        "single_end": true
                    },
                    "test.fastp.fastq.gz:md5,67b2bbae47f073e05a97a9c2edce23c7"
                ]
            ],
            [
                [
                    {
                        "id": "test",
                        "single_end": true
                    },
                    "test.fail.fastq.gz:md5,3e4aaadb66a5b8fc9b881bf39c227abd"
                ]
            ],
            [
                
            ],
            [
                "versions.yml:md5,48ffc994212fb1fc9f83a74fa69c9f02"
            ]
        ],
        "meta": {
            "nf-test": "0.9.0",
            "nextflow": "24.04.4"
        },
        "timestamp": "2024-10-10T20:59:52.36865"
    },
    "test_fastp_paired_end_qc_only": {
        "content": [
            [
                [
                    {
                        "id": "test",
                        "single_end": false
                    },
                    "test.fastp.json:md5,6ad01e6f6a98daf02410273af0b8ecea"
                ]
            ],
            [
                
            ],
            [
                
            ],
            [
                
            ],
            [
                
            ],
            [
                
            ],
            [
                
            ],
            [
                "versions.yml:md5,48ffc994212fb1fc9f83a74fa69c9f02"
            ]
        ],
        "meta": {
            "nf-test": "0.9.0",
            "nextflow": "24.04.4"
        },
        "timestamp": "2024-10-10T21:00:46.609595"
    },
    "test_fastp_paired_end_qc_only - stub": {
        "content": [
            {
                "0": [
                    
                ],
                "1": [
                    [
                        {
                            "id": "test",
                            "single_end": false
                        },
                        "test.fastp.json:md5,d41d8cd98f00b204e9800998ecf8427e"
                    ]
                ],
                "2": [
                    [
                        {
                            "id": "test",
                            "single_end": false
                        },
                        "test.fastp.html:md5,d41d8cd98f00b204e9800998ecf8427e"
                    ]
                ],
                "3": [
                    [
                        {
                            "id": "test",
                            "single_end": false
                        },
                        "test.fastp.log:md5,d41d8cd98f00b204e9800998ecf8427e"
                    ]
                ],
                "4": [
                    
                ],
                "5": [
                    
                ],
                "6": [
                    "versions.yml:md5,48ffc994212fb1fc9f83a74fa69c9f02"
                ],
                "html": [
                    [
                        {
                            "id": "test",
                            "single_end": false
                        },
                        "test.fastp.html:md5,d41d8cd98f00b204e9800998ecf8427e"
                    ]
                ],
                "json": [
                    [
                        {
                            "id": "test",
                            "single_end": false
                        },
                        "test.fastp.json:md5,d41d8cd98f00b204e9800998ecf8427e"
                    ]
                ],
                "log": [
                    [
                        {
                            "id": "test",
                            "single_end": false
                        },
                        "test.fastp.log:md5,d41d8cd98f00b204e9800998ecf8427e"
                    ]
                ],
                "reads": [
                    
                ],
                "reads_fail": [
                    
                ],
                "reads_merged": [
                    
                ],
                "versions": [
                    "versions.yml:md5,48ffc994212fb1fc9f83a74fa69c9f02"
                ]
            }
        ],
        "meta": {
            "nf-test": "0.8.4",
            "nextflow": "24.04.2"
        },
        "timestamp": "2024-07-05T14:31:27.096468"
    }
}