{
    "noltr": {
        "content": [
            {
                "successful tasks": 26,
                "versions": {
                    "ASSEMBLATHON_STATS": {
                        "assemblathon_stats": "github/PlantandFoodResearch/assemblathon2-analysis/a93cba2"
                    },
                    "CUSTOM_RESTOREGFFIDS": {
                        "python": "3.10.2"
                    },
                    "CUSTOM_SHORTENFASTAIDS": {
                        "python": "3.8.13",
                        "biopython": 1.75
                    },
                    "FALINT": {
                        "falint": "1.2.0"
                    },
                    "FIND_CONCATENATE": {
                        "coreutils": 9.4,
                        "find": "4.6.0",
                        "pigz": 2.8
                    },
                    "GUNZIP_FASTA": {
                        "gunzip": 1.13
                    },
                    "LTRFINDER": {
                        "LTR_FINDER_parallel": 1.1,
                        "ltr_finder": 1.07
                    },
                    "LTRHARVEST": {
                        "LTR_HARVEST_parallel": 1.1,
                        "genometools": "1.6.5"
                    },
                    "LTRRETRIEVER_LAI": {
                        "lai": "beta3.2"
                    },
                    "LTRRETRIEVER_LTRRETRIEVER": {
                        "LTR_retriever": "3.0.5"
                    },
                    "SAMTOOLS_FAIDX": {
                        "samtools": 1.24
                    },
                    "SEQKIT_RMDUP": {
                        "seqkit": "2.13.0"
                    },
                    "TAG_ASSEMBLY": {
                        "coreutils": 9.4,
                        "find": "4.6.0",
                        "pigz": 2.8
                    },
                    "UNMASK_IF_ANY": {
                        "seqkit": "2.13.0"
                    },
                    "Workflow": {
                        "plant-food-research-open/assemblyqc": "v3.1.0"
                    }
                },
                "stable paths": [
                    "FI1_stats.csv:md5,8d1274e52117e39b413ff71a76c40331",
                    "sarscov2_stats.csv:md5,9ec4147b73cae550a38337520fc028dd",
                    "FI1.short.ids.tsv:md5,948c19c1ccd05463a1f5d23f0615b169",
                    "sarscov2.short.ids.tsv:md5,d7a2af88e8549586e5616bff6a88bd71"
                ],
                "stable names": [
                    "assemblathon_stats",
                    "assemblathon_stats/FI1_stats.csv",
                    "assemblathon_stats/sarscov2_stats.csv",
                    "lai",
                    "lai/FI1.LAI.log",
                    "lai/FI1.LAI.out",
                    "lai/FI1.LTRlib.fa",
                    "lai/FI1.restored.ids.gff3",
                    "lai/FI1.short.ids.tsv",
                    "lai/sarscov2.short.ids.tsv",
                    "pipeline_info",
                    "report.html",
                    "report.json",
                    "synteny",
                    "synteny/plotsr"
                ]
            }
        ],
        "timestamp": "2026-08-04T10:13:46.708767",
        "meta": {
            "nf-test": "0.9.5",
            "nextflow": "26.04.6"
        }
    }
}