{
    "sarscov2-fq-gz": {
        "content": [
            {
                "0": [
                    [
                        {
                            "id": "test",
                            "ref_tags": [
                                
                            ],
                            "ref_id": "genome",
                            "comb": "genome"
                        },
                        "test.on.genome.samblaster.bam:md5,50f4576cab37243f31e19216ea795bfd"
                    ]
                ],
                "bam": [
                    [
                        {
                            "id": "test",
                            "ref_tags": [
                                
                            ],
                            "ref_id": "genome",
                            "comb": "genome"
                        },
                        "test.on.genome.samblaster.bam:md5,50f4576cab37243f31e19216ea795bfd"
                    ]
                ]
            }
        ],
        "timestamp": "2026-09-11T19:29:42.914678",
        "meta": {
            "nf-test": "0.9.5",
            "nextflow": "26.04.6"
        }
    },
    "sarscov2-fq-gz-stub": {
        "content": [
            {
                "0": [
                    [
                        {
                            "id": "test",
                            "ref_tags": [
                                
                            ],
                            "ref_id": "genome",
                            "comb": "genome"
                        },
                        "test.on.genome.samblaster.bam:md5,d41d8cd98f00b204e9800998ecf8427e"
                    ]
                ],
                "bam": [
                    [
                        {
                            "id": "test",
                            "ref_tags": [
                                
                            ],
                            "ref_id": "genome",
                            "comb": "genome"
                        },
                        "test.on.genome.samblaster.bam:md5,d41d8cd98f00b204e9800998ecf8427e"
                    ]
                ]
            }
        ],
        "timestamp": "2026-09-11T19:29:51.585019",
        "meta": {
            "nf-test": "0.9.5",
            "nextflow": "26.04.6"
        }
    }
}