{
    "sarscov2-fq-gz": {
        "content": [
            {
                "0": [
                    [
                        {
                            "id": "test",
                            "ref_id": "genome"
                        },
                        "test.on.genome.samblaster.bam:md5,31fea2696f629694469680e2d012d971"
                    ]
                ],
                "bam": [
                    [
                        {
                            "id": "test",
                            "ref_id": "genome"
                        },
                        "test.on.genome.samblaster.bam:md5,31fea2696f629694469680e2d012d971"
                    ]
                ]
            }
        ],
        "timestamp": "2026-07-29T10:58:54.062418",
        "meta": {
            "nf-test": "0.9.5",
            "nextflow": "26.04.6"
        }
    },
    "sarscov2-fq-gz-stub": {
        "content": [
            {
                "0": [
                    [
                        {
                            "id": "test",
                            "ref_id": "genome"
                        },
                        "test.on.genome.samblaster.bam:md5,d41d8cd98f00b204e9800998ecf8427e"
                    ]
                ],
                "bam": [
                    [
                        {
                            "id": "test",
                            "ref_id": "genome"
                        },
                        "test.on.genome.samblaster.bam:md5,d41d8cd98f00b204e9800998ecf8427e"
                    ]
                ]
            }
        ],
        "timestamp": "2026-07-29T10:59:35.270841",
        "meta": {
            "nf-test": "0.9.5",
            "nextflow": "26.04.6"
        }
    }
}