{
    "Single-End": {
        "content": [
            [
                
            ],
            [
                
            ],
            [
                
            ],
            [
                "versions.yml:md5,478b816fbd37871f5e8c617833d51d80"
            ],
            "895cf107b1c13b0f0cabc1421a4f5db9",
            "798439cbd7fd81cbcc5078022dc5479d"
        ],
        "meta": {
            "nf-test": "0.9.0",
            "nextflow": "24.04.4"
        },
        "timestamp": "2024-10-10T20:57:38.428887"
    },
    "Single-End Sort": {
        "content": [
            [
                
            ],
            [
                
            ],
            [
                
            ],
            [
                "versions.yml:md5,478b816fbd37871f5e8c617833d51d80"
            ],
            "98350949b5a0931930c69cff0e380274",
            "94fcf617f5b994584c4e8d4044e16b4f"
        ],
        "meta": {
            "nf-test": "0.9.0",
            "nextflow": "24.04.4"
        },
        "timestamp": "2024-10-10T20:57:52.438702"
    },
    "Paired-End": {
        "content": [
            [
                
            ],
            [
                
            ],
            [
                
            ],
            [
                "versions.yml:md5,478b816fbd37871f5e8c617833d51d80"
            ],
            "a42d8e219e0df24f3d72a646b7c26dbb",
            "57aeef88ed701a8ebc8e2f0a381b2a6"
        ],
        "meta": {
            "nf-test": "0.9.0",
            "nextflow": "24.04.4"
        },
        "timestamp": "2024-10-10T20:58:05.532827"
    },
    "Paired-End Sort": {
        "content": [
            [
                
            ],
            [
                
            ],
            [
                
            ],
            [
                "versions.yml:md5,478b816fbd37871f5e8c617833d51d80"
            ],
            "ee5c324f68d45c4d01c937b4abbc5de",
            "af8628d9df18b2d3d4f6fd47ef2bb872"
        ],
        "meta": {
            "nf-test": "0.9.0",
            "nextflow": "24.04.4"
        },
        "timestamp": "2024-10-10T20:58:20.859431"
    },
    "Single-end - stub": {
        "content": [
            {
                "0": [
                    [
                        {
                            "id": "test",
                            "single_end": true
                        },
                        "test.bam:md5,d41d8cd98f00b204e9800998ecf8427e"
                    ]
                ],
                "1": [
                    
                ],
                "2": [
                    [
                        {
                            "id": "test",
                            "single_end": true
                        },
                        "test.csi:md5,d41d8cd98f00b204e9800998ecf8427e"
                    ]
                ],
                "3": [
                    [
                        {
                            "id": "test",
                            "single_end": true
                        },
                        "test.crai:md5,d41d8cd98f00b204e9800998ecf8427e"
                    ]
                ],
                "4": [
                    "versions.yml:md5,478b816fbd37871f5e8c617833d51d80"
                ],
                "bam": [
                    [
                        {
                            "id": "test",
                            "single_end": true
                        },
                        "test.bam:md5,d41d8cd98f00b204e9800998ecf8427e"
                    ]
                ],
                "crai": [
                    [
                        {
                            "id": "test",
                            "single_end": true
                        },
                        "test.crai:md5,d41d8cd98f00b204e9800998ecf8427e"
                    ]
                ],
                "cram": [
                    
                ],
                "csi": [
                    [
                        {
                            "id": "test",
                            "single_end": true
                        },
                        "test.csi:md5,d41d8cd98f00b204e9800998ecf8427e"
                    ]
                ],
                "versions": [
                    "versions.yml:md5,478b816fbd37871f5e8c617833d51d80"
                ]
            }
        ],
        "meta": {
            "nf-test": "0.9.0",
            "nextflow": "24.04.4"
        },
        "timestamp": "2024-08-02T12:31:29.46282"
    },
    "Paired-End - no fasta": {
        "content": [
            [
                
            ],
            [
                
            ],
            [
                
            ],
            [
                "versions.yml:md5,478b816fbd37871f5e8c617833d51d80"
            ],
            "a42d8e219e0df24f3d72a646b7c26dbb",
            "57aeef88ed701a8ebc8e2f0a381b2a6"
        ],
        "meta": {
            "nf-test": "0.9.0",
            "nextflow": "24.04.4"
        },
        "timestamp": "2024-10-10T20:58:35.460705"
    },
    "Paired-end - stub": {
        "content": [
            {
                "0": [
                    [
                        {
                            "id": "test",
                            "single_end": false
                        },
                        "test.bam:md5,d41d8cd98f00b204e9800998ecf8427e"
                    ]
                ],
                "1": [
                    
                ],
                "2": [
                    [
                        {
                            "id": "test",
                            "single_end": false
                        },
                        "test.csi:md5,d41d8cd98f00b204e9800998ecf8427e"
                    ]
                ],
                "3": [
                    [
                        {
                            "id": "test",
                            "single_end": false
                        },
                        "test.crai:md5,d41d8cd98f00b204e9800998ecf8427e"
                    ]
                ],
                "4": [
                    "versions.yml:md5,478b816fbd37871f5e8c617833d51d80"
                ],
                "bam": [
                    [
                        {
                            "id": "test",
                            "single_end": false
                        },
                        "test.bam:md5,d41d8cd98f00b204e9800998ecf8427e"
                    ]
                ],
                "crai": [
                    [
                        {
                            "id": "test",
                            "single_end": false
                        },
                        "test.crai:md5,d41d8cd98f00b204e9800998ecf8427e"
                    ]
                ],
                "cram": [
                    
                ],
                "csi": [
                    [
                        {
                            "id": "test",
                            "single_end": false
                        },
                        "test.csi:md5,d41d8cd98f00b204e9800998ecf8427e"
                    ]
                ],
                "versions": [
                    "versions.yml:md5,478b816fbd37871f5e8c617833d51d80"
                ]
            }
        ],
        "meta": {
            "nf-test": "0.9.0",
            "nextflow": "24.04.4"
        },
        "timestamp": "2024-08-02T12:31:37.757037"
    }
}