{
    "hic - HY - test - assembly": {
        "content": [
            {
                "successful tasks": 21,
                "versions": {
                    "ASSEMBLATHON_STATS": {
                        "assemblathon_stats": "github/PlantandFoodResearch/assemblathon2-analysis/a93cba2"
                    },
                    "CUSTOM_YAHSJUICERPRE2PAIRS": {
                        "python": "3.8.13",
                        "biopython": 1.75
                    },
                    "CUSTOM_YAHSJUICERPRE2TRACKS": {
                        "python": "3.8.13",
                        "biopython": 1.75
                    },
                    "FALINT": {
                        "falint": "1.2.0"
                    },
                    "FASTP": {
                        "fastp": "1.3.6"
                    },
                    "GUNZIP_FASTA": {
                        "gunzip": 1.13
                    },
                    "HIC2HTML": {
                        "python": "3.11.3"
                    },
                    "HICQC": {
                        "hic_qc.py": "1.3.1"
                    },
                    "HICTK_LOAD": {
                        "hictk": "hictk-v2.2.0-bioconda"
                    },
                    "HICTK_ZOOMIFY": {
                        "hictk": "hictk-v2.2.0-bioconda"
                    },
                    "JUICEBOXSCRIPTS_MAKEAGPFROMFASTA": {
                        "juicebox_scripts": "0.1.0"
                    },
                    "MINIBWA_INDEX": {
                        "minibwa": 0.2
                    },
                    "MINIBWA_MAP": {
                        "minibwa": 0.2,
                        "samtools": "1.23.1"
                    },
                    "SAMBLASTER": {
                        "samblaster": "0.1.26",
                        "samtools": "1.19.2"
                    },
                    "SAMTOOLS_FAIDX": {
                        "samtools": 1.24
                    },
                    "SEQKIT_RMDUP": {
                        "seqkit": "2.13.0"
                    },
                    "SEQKIT_SORT": {
                        "seqkit": "2.13.0"
                    },
                    "TAG_ASSEMBLY": {
                        "coreutils": 9.4,
                        "find": "4.6.0",
                        "pigz": 2.8
                    },
                    "Workflow": {
                        "plant-food-research-open/assemblyqc": "v3.1.0dev"
                    },
                    "YAHS_JUICERPRE": {
                        "yahs": "1.2.2"
                    }
                },
                "stable paths": [
                    "HY_stats.csv:md5,fc61def49f669e7b3f885bf2555bcd46",
                    "HY.assembly:md5,72dfdabd22760a91b81ed4241807a0e7",
                    "HY.bed:md5,bc903fc7f717a627853e93ff6c2dfcb3",
                    "HY.bedpe:md5,a4ec178eaaa2e96b724f927ce9678b5a",
                    "HY.hic:md5,0f783478ebd757553f76a0e47f7a89c7",
                    "HY.html:md5,740524f1f7418441c520b1f41aaf7961",
                    "HY.scale:md5,b026324c6904b2a9cb4b88d6d61c81d1",
                    "HYh1h2_Chr01_6000000_6015000.R.fastp.json:md5,f4a551a73cf1cd0fb03d403aad8d48ad"
                ],
                "stable names": [
                    "assemblathon_stats",
                    "assemblathon_stats/HY_stats.csv",
                    "hic",
                    "hic/HY.assembly",
                    "hic/HY.bed",
                    "hic/HY.bedpe",
                    "hic/HY.hic",
                    "hic/HY.html",
                    "hic/HY.scale",
                    "hic/fastp",
                    "hic/fastp/HYh1h2_Chr01_6000000_6015000.R.fastp.html",
                    "hic/fastp/HYh1h2_Chr01_6000000_6015000.R.fastp.json",
                    "hic/fastp/HYh1h2_Chr01_6000000_6015000.R.fastp.log",
                    "hic/hicqc",
                    "hic/hicqc/HY_qc_report.pdf",
                    "pipeline_info",
                    "report.html",
                    "report.json",
                    "synteny",
                    "synteny/plotsr"
                ]
            }
        ],
        "timestamp": "2026-08-04T21:19:09.180958",
        "meta": {
            "nf-test": "0.9.5",
            "nextflow": "26.04.6"
        }
    },
    "hic - HY - test": {
        "content": [
            {
                "successful tasks": 20,
                "versions": {
                    "ASSEMBLATHON_STATS": {
                        "assemblathon_stats": "github/PlantandFoodResearch/assemblathon2-analysis/a93cba2"
                    },
                    "CUSTOM_YAHSJUICERPRE2PAIRS": {
                        "python": "3.8.13",
                        "biopython": 1.75
                    },
                    "FALINT": {
                        "falint": "1.2.0"
                    },
                    "FASTP": {
                        "fastp": "1.3.6"
                    },
                    "GUNZIP_FASTA": {
                        "gunzip": 1.13
                    },
                    "HIC2HTML": {
                        "python": "3.11.3"
                    },
                    "HICQC": {
                        "hic_qc.py": "1.3.1"
                    },
                    "HICTK_LOAD": {
                        "hictk": "hictk-v2.2.0-bioconda"
                    },
                    "HICTK_ZOOMIFY": {
                        "hictk": "hictk-v2.2.0-bioconda"
                    },
                    "JUICEBOXSCRIPTS_MAKEAGPFROMFASTA": {
                        "juicebox_scripts": "0.1.0"
                    },
                    "MINIBWA_INDEX": {
                        "minibwa": 0.2
                    },
                    "MINIBWA_MAP": {
                        "minibwa": 0.2,
                        "samtools": "1.23.1"
                    },
                    "SAMBLASTER": {
                        "samblaster": "0.1.26",
                        "samtools": "1.19.2"
                    },
                    "SAMTOOLS_FAIDX": {
                        "samtools": 1.24
                    },
                    "SEQKIT_RMDUP": {
                        "seqkit": "2.13.0"
                    },
                    "SEQKIT_SORT": {
                        "seqkit": "2.13.0"
                    },
                    "TAG_ASSEMBLY": {
                        "coreutils": 9.4,
                        "find": "4.6.0",
                        "pigz": 2.8
                    },
                    "Workflow": {
                        "plant-food-research-open/assemblyqc": "v3.1.0dev"
                    },
                    "YAHS_JUICERPRE": {
                        "yahs": "1.2.2"
                    }
                },
                "stable paths": [
                    "HY_stats.csv:md5,fc61def49f669e7b3f885bf2555bcd46",
                    "HY.hic:md5,dd874deeaec4cbdce8d5da1828fbc93e",
                    "HY.html:md5,af19faee0793bb615a2830166743cb91",
                    "HYh1h2_Chr01_6000000_6015000.R.fastp.json:md5,f4a551a73cf1cd0fb03d403aad8d48ad"
                ],
                "stable names": [
                    "assemblathon_stats",
                    "assemblathon_stats/HY_stats.csv",
                    "hic",
                    "hic/HY.hic",
                    "hic/HY.html",
                    "hic/fastp",
                    "hic/fastp/HYh1h2_Chr01_6000000_6015000.R.fastp.html",
                    "hic/fastp/HYh1h2_Chr01_6000000_6015000.R.fastp.json",
                    "hic/fastp/HYh1h2_Chr01_6000000_6015000.R.fastp.log",
                    "hic/hicqc",
                    "hic/hicqc/HY_qc_report.pdf",
                    "pipeline_info",
                    "report.html",
                    "report.json",
                    "synteny",
                    "synteny/plotsr"
                ]
            }
        ],
        "timestamp": "2026-08-04T21:18:33.084755",
        "meta": {
            "nf-test": "0.9.5",
            "nextflow": "26.04.6"
        }
    }
}