{
    "sarscov2 - fasta - stub": {
        "content": [
            {
                "0": [
                    [
                        {
                            "id": "test"
                        },
                        "test.fasta:md5,d41d8cd98f00b204e9800998ecf8427e"
                    ]
                ],
                "1": [
                    "versions.yml:md5,d2052e0039190dca1b50700028ef14c3"
                ],
                "fasta": [
                    [
                        {
                            "id": "test"
                        },
                        "test.fasta:md5,d41d8cd98f00b204e9800998ecf8427e"
                    ]
                ],
                "versions_python": [
                    "versions.yml:md5,d2052e0039190dca1b50700028ef14c3"
                ]
            }
        ],
        "timestamp": "2026-07-28T14:26:14.669657",
        "meta": {
            "nf-test": "0.9.5",
            "nextflow": "26.04.6"
        }
    },
    "sarscov2 - fasta": {
        "content": [
            {
                "0": [
                    [
                        {
                            "id": "test"
                        },
                        "test.fasta:md5,393572534251b71ec74fbe3b1a31a709"
                    ]
                ],
                "1": [
                    "versions.yml:md5,d2052e0039190dca1b50700028ef14c3"
                ],
                "fasta": [
                    [
                        {
                            "id": "test"
                        },
                        "test.fasta:md5,393572534251b71ec74fbe3b1a31a709"
                    ]
                ],
                "versions_python": [
                    "versions.yml:md5,d2052e0039190dca1b50700028ef14c3"
                ]
            }
        ],
        "timestamp": "2026-07-28T14:25:46.72341",
        "meta": {
            "nf-test": "0.9.5",
            "nextflow": "26.04.6"
        }
    }
}