{
    "HY - actinidia_chinensis - fasta - no - sort - combinations": {
        "content": [
            {
                "0": [
                    [
                        {
                            "id": "query",
                            "comb": "query"
                        },
                        "HYh1h2_Chr01_6000000_6015000.fasta:md5,698715c5989f43041a04f6fdca846974"
                    ],
                    [
                        {
                            "id": "query_ref",
                            "comb": "query:ref"
                        },
                        "query_ref.fasta:md5,7e52d0a17de86f5b11dd4d77c8332fa6"
                    ],
                    [
                        {
                            "id": "ref",
                            "comb": "ref"
                        },
                        "genome.fasta:md5,d07bc737a8ba2db4ea02872a73dace0b"
                    ]
                ],
                "fasta": [
                    [
                        {
                            "id": "query",
                            "comb": "query"
                        },
                        "HYh1h2_Chr01_6000000_6015000.fasta:md5,698715c5989f43041a04f6fdca846974"
                    ],
                    [
                        {
                            "id": "query_ref",
                            "comb": "query:ref"
                        },
                        "query_ref.fasta:md5,7e52d0a17de86f5b11dd4d77c8332fa6"
                    ],
                    [
                        {
                            "id": "ref",
                            "comb": "ref"
                        },
                        "genome.fasta:md5,d07bc737a8ba2db4ea02872a73dace0b"
                    ]
                ]
            }
        ],
        "timestamp": "2026-07-29T11:00:54.013029",
        "meta": {
            "nf-test": "0.9.5",
            "nextflow": "26.04.6"
        }
    },
    "HY - actinidia_chinensis - fasta - combinations - 3": {
        "content": [
            {
                "0": [
                    [
                        {
                            "id": "query",
                            "comb": "query"
                        },
                        "query.fasta:md5,bcc14495671d77033b36be11fc20652c"
                    ],
                    [
                        {
                            "id": "query1_query_ref",
                            "comb": "query1:query:ref"
                        },
                        "query1_query_ref.fasta:md5,312e4da3d66e0003300787af18b9bc59"
                    ],
                    [
                        {
                            "id": "ref",
                            "comb": "ref"
                        },
                        "ref.fasta:md5,7315276c0e677b424e673562f48b9873"
                    ]
                ],
                "fasta": [
                    [
                        {
                            "id": "query",
                            "comb": "query"
                        },
                        "query.fasta:md5,bcc14495671d77033b36be11fc20652c"
                    ],
                    [
                        {
                            "id": "query1_query_ref",
                            "comb": "query1:query:ref"
                        },
                        "query1_query_ref.fasta:md5,312e4da3d66e0003300787af18b9bc59"
                    ],
                    [
                        {
                            "id": "ref",
                            "comb": "ref"
                        },
                        "ref.fasta:md5,7315276c0e677b424e673562f48b9873"
                    ]
                ]
            }
        ],
        "timestamp": "2026-07-29T11:00:26.431602",
        "meta": {
            "nf-test": "0.9.5",
            "nextflow": "26.04.6"
        }
    },
    "HY - actinidia_chinensis - fasta": {
        "content": [
            {
                "0": [
                    [
                        {
                            "id": "query",
                            "comb": "query"
                        },
                        "query.fasta:md5,bcc14495671d77033b36be11fc20652c"
                    ],
                    [
                        {
                            "id": "query1",
                            "comb": "query1"
                        },
                        "query1.fasta:md5,bcc14495671d77033b36be11fc20652c"
                    ],
                    [
                        {
                            "id": "ref",
                            "comb": "ref"
                        },
                        "ref.fasta:md5,7315276c0e677b424e673562f48b9873"
                    ]
                ],
                "fasta": [
                    [
                        {
                            "id": "query",
                            "comb": "query"
                        },
                        "query.fasta:md5,bcc14495671d77033b36be11fc20652c"
                    ],
                    [
                        {
                            "id": "query1",
                            "comb": "query1"
                        },
                        "query1.fasta:md5,bcc14495671d77033b36be11fc20652c"
                    ],
                    [
                        {
                            "id": "ref",
                            "comb": "ref"
                        },
                        "ref.fasta:md5,7315276c0e677b424e673562f48b9873"
                    ]
                ]
            }
        ],
        "timestamp": "2026-07-29T10:57:28.298014",
        "meta": {
            "nf-test": "0.9.5",
            "nextflow": "26.04.6"
        }
    },
    "HY - actinidia_chinensis - fasta - combinations": {
        "content": [
            {
                "0": [
                    [
                        {
                            "id": "query",
                            "comb": "query"
                        },
                        "query.fasta:md5,bcc14495671d77033b36be11fc20652c"
                    ],
                    [
                        {
                            "id": "query_ref",
                            "comb": "query:ref"
                        },
                        "query_ref.fasta:md5,7e52d0a17de86f5b11dd4d77c8332fa6"
                    ],
                    [
                        {
                            "id": "ref",
                            "comb": "ref"
                        },
                        "ref.fasta:md5,7315276c0e677b424e673562f48b9873"
                    ]
                ],
                "fasta": [
                    [
                        {
                            "id": "query",
                            "comb": "query"
                        },
                        "query.fasta:md5,bcc14495671d77033b36be11fc20652c"
                    ],
                    [
                        {
                            "id": "query_ref",
                            "comb": "query:ref"
                        },
                        "query_ref.fasta:md5,7e52d0a17de86f5b11dd4d77c8332fa6"
                    ],
                    [
                        {
                            "id": "ref",
                            "comb": "ref"
                        },
                        "ref.fasta:md5,7315276c0e677b424e673562f48b9873"
                    ]
                ]
            }
        ],
        "timestamp": "2026-07-29T10:59:00.263455",
        "meta": {
            "nf-test": "0.9.5",
            "nextflow": "26.04.6"
        }
    }
}