{
    "hongyang - hic - bam - assembly - stub": {
        "content": [
            {
                "0": [
                    [
                        {
                            "id": "test",
                            "single_end": false
                        },
                        "test.txt:md5,d41d8cd98f00b204e9800998ecf8427e"
                    ]
                ],
                "1": [
                    [
                        {
                            "id": "test",
                            "single_end": false
                        },
                        "test.assembly:md5,d41d8cd98f00b204e9800998ecf8427e"
                    ]
                ],
                "2": [
                    
                ],
                "3": [
                    [
                        {
                            "id": "test",
                            "single_end": false
                        },
                        "test.liftover.agp:md5,d41d8cd98f00b204e9800998ecf8427e"
                    ]
                ],
                "4": [
                    [
                        {
                            "id": "test",
                            "single_end": false
                        },
                        "test.sizes:md5,d41d8cd98f00b204e9800998ecf8427e"
                    ]
                ],
                "5": [
                    [
                        {
                            "id": "test",
                            "single_end": false
                        },
                        "test.scale:md5,b026324c6904b2a9cb4b88d6d61c81d1"
                    ]
                ],
                "6": [
                    [
                        "YAHS_JUICERPRE",
                        "yahs",
                        "1.2.2"
                    ]
                ],
                "assembly": [
                    [
                        {
                            "id": "test",
                            "single_end": false
                        },
                        "test.assembly:md5,d41d8cd98f00b204e9800998ecf8427e"
                    ]
                ],
                "assembly_agp": [
                    
                ],
                "liftover_agp": [
                    [
                        {
                            "id": "test",
                            "single_end": false
                        },
                        "test.liftover.agp:md5,d41d8cd98f00b204e9800998ecf8427e"
                    ]
                ],
                "scale": [
                    [
                        {
                            "id": "test",
                            "single_end": false
                        },
                        "test.scale:md5,b026324c6904b2a9cb4b88d6d61c81d1"
                    ]
                ],
                "sizes": [
                    [
                        {
                            "id": "test",
                            "single_end": false
                        },
                        "test.sizes:md5,d41d8cd98f00b204e9800998ecf8427e"
                    ]
                ],
                "txt": [
                    [
                        {
                            "id": "test",
                            "single_end": false
                        },
                        "test.txt:md5,d41d8cd98f00b204e9800998ecf8427e"
                    ]
                ],
                "versions_yahs": [
                    [
                        "YAHS_JUICERPRE",
                        "yahs",
                        "1.2.2"
                    ]
                ]
            }
        ],
        "timestamp": "2026-07-29T09:56:11.880133",
        "meta": {
            "nf-test": "0.9.5",
            "nextflow": "26.04.6"
        }
    },
    "hongyang - hic - bam": {
        "content": [
            {
                "0": [
                    [
                        {
                            "id": "test",
                            "single_end": false
                        },
                        "test.txt:md5,3416fd29a28a938b4857b49b0dc1581d"
                    ]
                ],
                "1": [
                    
                ],
                "2": [
                    
                ],
                "3": [
                    
                ],
                "4": [
                    
                ],
                "5": [
                    
                ],
                "6": [
                    [
                        "YAHS_JUICERPRE",
                        "yahs",
                        "1.2.2"
                    ]
                ],
                "assembly": [
                    
                ],
                "assembly_agp": [
                    
                ],
                "liftover_agp": [
                    
                ],
                "scale": [
                    
                ],
                "sizes": [
                    
                ],
                "txt": [
                    [
                        {
                            "id": "test",
                            "single_end": false
                        },
                        "test.txt:md5,3416fd29a28a938b4857b49b0dc1581d"
                    ]
                ],
                "versions_yahs": [
                    [
                        "YAHS_JUICERPRE",
                        "yahs",
                        "1.2.2"
                    ]
                ]
            }
        ],
        "timestamp": "2026-07-29T09:55:52.689019",
        "meta": {
            "nf-test": "0.9.5",
            "nextflow": "26.04.6"
        }
    },
    "hongyang - hic - bam - stub": {
        "content": [
            {
                "0": [
                    [
                        {
                            "id": "test",
                            "single_end": false
                        },
                        "test.txt:md5,d41d8cd98f00b204e9800998ecf8427e"
                    ]
                ],
                "1": [
                    
                ],
                "2": [
                    
                ],
                "3": [
                    
                ],
                "4": [
                    
                ],
                "5": [
                    
                ],
                "6": [
                    [
                        "YAHS_JUICERPRE",
                        "yahs",
                        "1.2.2"
                    ]
                ],
                "assembly": [
                    
                ],
                "assembly_agp": [
                    
                ],
                "liftover_agp": [
                    
                ],
                "scale": [
                    
                ],
                "sizes": [
                    
                ],
                "txt": [
                    [
                        {
                            "id": "test",
                            "single_end": false
                        },
                        "test.txt:md5,d41d8cd98f00b204e9800998ecf8427e"
                    ]
                ],
                "versions_yahs": [
                    [
                        "YAHS_JUICERPRE",
                        "yahs",
                        "1.2.2"
                    ]
                ]
            }
        ],
        "timestamp": "2026-07-29T09:56:05.672931",
        "meta": {
            "nf-test": "0.9.5",
            "nextflow": "26.04.6"
        }
    },
    "hongyang - hic - bam - assembly": {
        "content": [
            {
                "0": [
                    [
                        {
                            "id": "test",
                            "single_end": false
                        },
                        "test.txt:md5,461ec5ed8e977fd0276415ca0e490ce2"
                    ]
                ],
                "1": [
                    [
                        {
                            "id": "test",
                            "single_end": false
                        },
                        "test.assembly:md5,2154e1e2f2c12dd43765bc35a2003826"
                    ]
                ],
                "2": [
                    [
                        {
                            "id": "test",
                            "single_end": false
                        },
                        "test.assembly.agp:md5,1389ded06e1056dd03d44a849788c4ad"
                    ]
                ],
                "3": [
                    [
                        {
                            "id": "test",
                            "single_end": false
                        },
                        "test.liftover.agp:md5,a98e3ca7dc4aea3523197faba02c3d72"
                    ]
                ],
                "4": [
                    [
                        {
                            "id": "test",
                            "single_end": false
                        },
                        "test.sizes:md5,ee9dc40b08620d120f1fd9ce8af87475"
                    ]
                ],
                "5": [
                    [
                        {
                            "id": "test",
                            "single_end": false
                        },
                        "test.scale:md5,b026324c6904b2a9cb4b88d6d61c81d1"
                    ]
                ],
                "6": [
                    [
                        "YAHS_JUICERPRE",
                        "yahs",
                        "1.2.2"
                    ]
                ],
                "assembly": [
                    [
                        {
                            "id": "test",
                            "single_end": false
                        },
                        "test.assembly:md5,2154e1e2f2c12dd43765bc35a2003826"
                    ]
                ],
                "assembly_agp": [
                    [
                        {
                            "id": "test",
                            "single_end": false
                        },
                        "test.assembly.agp:md5,1389ded06e1056dd03d44a849788c4ad"
                    ]
                ],
                "liftover_agp": [
                    [
                        {
                            "id": "test",
                            "single_end": false
                        },
                        "test.liftover.agp:md5,a98e3ca7dc4aea3523197faba02c3d72"
                    ]
                ],
                "scale": [
                    [
                        {
                            "id": "test",
                            "single_end": false
                        },
                        "test.scale:md5,b026324c6904b2a9cb4b88d6d61c81d1"
                    ]
                ],
                "sizes": [
                    [
                        {
                            "id": "test",
                            "single_end": false
                        },
                        "test.sizes:md5,ee9dc40b08620d120f1fd9ce8af87475"
                    ]
                ],
                "txt": [
                    [
                        {
                            "id": "test",
                            "single_end": false
                        },
                        "test.txt:md5,461ec5ed8e977fd0276415ca0e490ce2"
                    ]
                ],
                "versions_yahs": [
                    [
                        "YAHS_JUICERPRE",
                        "yahs",
                        "1.2.2"
                    ]
                ]
            }
        ],
        "timestamp": "2026-07-29T09:55:59.689852",
        "meta": {
            "nf-test": "0.9.5",
            "nextflow": "26.04.6"
        }
    }
}