{
    "hongyang - bam - fasta - assembly": {
        "content": [
            {
                "0": [
                    [
                        {
                            "id": "test",
                            "ref_id": "genome"
                        },
                        "test.zoomify.hic:md5,8ab8cd39a4513e5e026a97b88596dbcf"
                    ]
                ],
                "1": [
                    [
                        {
                            "id": "test",
                            "ref_id": "genome"
                        },
                        "test.scale:md5,b026324c6904b2a9cb4b88d6d61c81d1"
                    ]
                ],
                "2": [
                    [
                        {
                            "id": "test",
                            "ref_id": "genome"
                        },
                        "test.assembly:md5,72dfdabd22760a91b81ed4241807a0e7"
                    ]
                ],
                "3": [
                    [
                        {
                            "id": "test",
                            "ref_id": "genome"
                        },
                        "test.bedpe:md5,a4ec178eaaa2e96b724f927ce9678b5a"
                    ]
                ],
                "4": [
                    [
                        {
                            "id": "test",
                            "ref_id": "genome"
                        },
                        "test.bed:md5,bc903fc7f717a627853e93ff6c2dfcb3"
                    ]
                ],
                "assembly": [
                    [
                        {
                            "id": "test",
                            "ref_id": "genome"
                        },
                        "test.assembly:md5,72dfdabd22760a91b81ed4241807a0e7"
                    ]
                ],
                "bed": [
                    [
                        {
                            "id": "test",
                            "ref_id": "genome"
                        },
                        "test.bed:md5,bc903fc7f717a627853e93ff6c2dfcb3"
                    ]
                ],
                "bedpe": [
                    [
                        {
                            "id": "test",
                            "ref_id": "genome"
                        },
                        "test.bedpe:md5,a4ec178eaaa2e96b724f927ce9678b5a"
                    ]
                ],
                "hic": [
                    [
                        {
                            "id": "test",
                            "ref_id": "genome"
                        },
                        "test.zoomify.hic:md5,8ab8cd39a4513e5e026a97b88596dbcf"
                    ]
                ],
                "scale": [
                    [
                        {
                            "id": "test",
                            "ref_id": "genome"
                        },
                        "test.scale:md5,b026324c6904b2a9cb4b88d6d61c81d1"
                    ]
                ]
            }
        ],
        "timestamp": "2026-07-30T08:16:18.200723",
        "meta": {
            "nf-test": "0.9.5",
            "nextflow": "26.04.6"
        }
    },
    "hongyang - bam - fasta": {
        "content": [
            {
                "0": [
                    [
                        {
                            "id": "test",
                            "ref_id": "genome"
                        },
                        "test.zoomify.hic:md5,af067cfe1f4ec91633a81af792a70282"
                    ]
                ],
                "1": [
                    
                ],
                "2": [
                    
                ],
                "3": [
                    
                ],
                "4": [
                    
                ],
                "assembly": [
                    
                ],
                "bed": [
                    
                ],
                "bedpe": [
                    
                ],
                "hic": [
                    [
                        {
                            "id": "test",
                            "ref_id": "genome"
                        },
                        "test.zoomify.hic:md5,af067cfe1f4ec91633a81af792a70282"
                    ]
                ],
                "scale": [
                    
                ]
            }
        ],
        "timestamp": "2026-07-30T08:16:00.451874",
        "meta": {
            "nf-test": "0.9.5",
            "nextflow": "26.04.6"
        }
    }
}