{
    "hongyang - hic - stub": {
        "content": [
            {
                "0": [
                    [
                        {
                            "id": "test",
                            "single_end": false
                        },
                        "test.pairs:md5,d41d8cd98f00b204e9800998ecf8427e"
                    ]
                ],
                "1": [
                    "versions.yml:md5,97550bee345676889335aa7c6e2a550b"
                ],
                "pairs": [
                    [
                        {
                            "id": "test",
                            "single_end": false
                        },
                        "test.pairs:md5,d41d8cd98f00b204e9800998ecf8427e"
                    ]
                ],
                "versions_python": [
                    "versions.yml:md5,97550bee345676889335aa7c6e2a550b"
                ]
            }
        ],
        "timestamp": "2026-07-28T15:45:34.856497",
        "meta": {
            "nf-test": "0.9.5",
            "nextflow": "26.04.6"
        }
    },
    "hongyang - hic": {
        "content": [
            {
                "0": [
                    [
                        {
                            "id": "test",
                            "single_end": false
                        },
                        "test.pairs:md5,fdd4d0b11d1655f8fd99539cd31592c6"
                    ]
                ],
                "1": [
                    "versions.yml:md5,97550bee345676889335aa7c6e2a550b"
                ],
                "pairs": [
                    [
                        {
                            "id": "test",
                            "single_end": false
                        },
                        "test.pairs:md5,fdd4d0b11d1655f8fd99539cd31592c6"
                    ]
                ],
                "versions_python": [
                    "versions.yml:md5,97550bee345676889335aa7c6e2a550b"
                ]
            }
        ],
        "timestamp": "2026-07-28T15:45:24.168913",
        "meta": {
            "nf-test": "0.9.5",
            "nextflow": "26.04.6"
        }
    }
}