{
    "mapback": {
        "content": [
            {
                "successful tasks": 36,
                "versions": {
                    "ASSEMBLATHON_STATS": {
                        "assemblathon_stats": "github/PlantandFoodResearch/assemblathon2-analysis/a93cba2"
                    },
                    "BEDTOOLS_MAKEWINDOWS": {
                        "bedtools": "2.31.1"
                    },
                    "BEDTOOLS_NUC": {
                        "bedtools": "2.31.1"
                    },
                    "CLAIR3": {
                        "clair3": "2.0.0"
                    },
                    "EXTRACTHETSTATS": {
                        "python": "3.11.3"
                    },
                    "FALINT": {
                        "falint": "1.2.0"
                    },
                    "GUNZIP_FASTA": {
                        "gunzip": 1.13
                    },
                    "MERYL_COUNT": {
                        "meryl": "1.4.1"
                    },
                    "PAFTOOLS_SAM2PAF": {
                        "paftools": "2.30-r1287",
                        "samtools": "1.23.1"
                    },
                    "SAMTOOLS_FAIDX": {
                        "samtools": 1.24
                    },
                    "SAMTOOLS_SORT": {
                        "samtools": 1.24
                    },
                    "SEQKIT_RMDUP": {
                        "seqkit": "2.13.0"
                    },
                    "T2TPOLISH_PAFTOCOVCLIPPEDWIG": {
                        "t2tpolish": "f780afa"
                    },
                    "TAG_ASSEMBLY": {
                        "coreutils": 9.4,
                        "find": "4.6.0",
                        "pigz": 2.8
                    },
                    "WINNOWMAP": {
                        "winnowmap": 2.03,
                        "samtools": "1.16.1"
                    },
                    "Workflow": {
                        "plant-food-research-open/assemblyqc": "v3.1.0"
                    }
                },
                "stable paths": [
                    "bacteroides_fragilis2_stats.csv:md5,081d707dd9fc92db7b4706b4a0d78ec0",
                    "bacteroides_fragilis_stats.csv:md5,081d707dd9fc92db7b4706b4a0d78ec0",
                    "sarscov2_stats.csv:md5,9ec4147b73cae550a38337520fc028dd",
                    "bacteroides_fragilis.bed:md5,b264a651b31ddf2b2ec326a8d209a10d",
                    "bacteroides_fragilis.cov.wig:md5,1239e86511111eefab50440e17c778cb",
                    "bacteroides_fragilis.het.stats:md5,fa67b5b368bfbdd8324d68b152d43fd1",
                    "bacteroides_fragilis2.bed:md5,b264a651b31ddf2b2ec326a8d209a10d",
                    "bacteroides_fragilis2.cov.wig:md5,5e49d782e0e6de72e993d404a8666c3c"
                ]
            }
        ],
        "timestamp": "2026-08-04T15:16:18.341386",
        "meta": {
            "nf-test": "0.9.5",
            "nextflow": "26.04.6"
        }
    }
}