{
    "target_on_ref - non-empty ref_seqs - should emit all outputs": {
        "content": [
            [
                "target_on_ref.all"
            ],
            "target_on_ref.all.karyotype",
            "karyotype_ref.tsv",
            "karyotype_target.tsv"
        ],
        "timestamp": "2026-09-11T19:22:18.364275",
        "meta": {
            "nf-test": "0.9.5",
            "nextflow": "26.04.6"
        }
    }
}